#
# There is insufficient memory for the Java Runtime Environment to continue.
# Native memory allocation (mmap) failed to map 41943040 bytes. Error detail: G1 virtual space
# Possible reasons:
#   The system is out of physical RAM or swap space
#   This process is running with CompressedOops enabled, and the Java Heap may be blocking the growth of the native heap
# Possible solutions:
#   Reduce memory load on the system
#   Increase physical memory or swap space
#   Check if swap backing store is full
#   Decrease Java heap size (-Xmx/-Xms)
#   Decrease number of Java threads
#   Decrease Java thread stack sizes (-Xss)
#   Set larger code cache with -XX:ReservedCodeCacheSize=
#   JVM is running with Zero Based Compressed Oops mode in which the Java heap is
#     placed in the first 32GB address space. The Java Heap base address is the
#     maximum limit for the native heap growth. Please use -XX:HeapBaseMinAddress
#     to set the Java Heap base and to place the Java Heap above 32GB virtual address.
# This output file may be truncated or incomplete.
#
#  Out of Memory Error (os_windows.cpp:3564), pid=17300, tid=26520
#
# JRE version: OpenJDK Runtime Environment (24.0.2+12) (build 24.0.2+12-54)
# Java VM: OpenJDK 64-Bit Server VM (24.0.2+12-54, mixed mode, emulated-client, sharing, tiered, compressed oops, compressed class ptrs, g1 gc, windows-amd64)
# No core dump will be written. Minidumps are not enabled by default on client versions of Windows
#

---------------  S U M M A R Y ------------

Command Line: -XX:TieredStopAtLevel=1 -Dspring.output.ansi.enabled=always -Dcom.sun.management.jmxremote -Dspring.jmx.enabled=true -Dspring.liveBeansView.mbeanDomain -Dspring.application.admin.enabled=true -Dmanagement.endpoints.jmx.exposure.include=* -javaagent:C:\Program Files\JetBrains\IntelliJ IDEA 2025.2\lib\idea_rt.jar=50878 -Dfile.encoding=UTF-8 -Dsun.stdout.encoding=UTF-8 -Dsun.stderr.encoding=UTF-8 com.certificate.backend.BackendApplication

Host: Intel(R) Core(TM) i5-7200U CPU @ 2.50GHz, 4 cores, 11G,  Windows 11 , 64 bit Build 26100 (10.0.26100.7920)
Time: Thu May 21 17:45:08 2026 SE Asia Standard Time elapsed time: 29.020550 seconds (0d 0h 0m 29s)

---------------  T H R E A D  ---------------

Current thread (0x000001b7660b2ec0):  VMThread "VM Thread"          [id=26520, stack(0x0000005c86000000,0x0000005c86100000) (1024K)]

Stack: [0x0000005c86000000,0x0000005c86100000]
Native frames: (J=compiled Java code, j=interpreted, Vv=VM code, C=native code)
V  [jvm.dll+0x730829]  (no source info available)
V  [jvm.dll+0x8d9da3]  (no source info available)
V  [jvm.dll+0x8dc28d]  (no source info available)
V  [jvm.dll+0x8dc903]  (no source info available)
V  [jvm.dll+0x2a9f56]  (no source info available)
V  [jvm.dll+0x72cd55]  (no source info available)
V  [jvm.dll+0x72066a]  (no source info available)
V  [jvm.dll+0x390b7a]  (no source info available)
V  [jvm.dll+0x398906]  (no source info available)
V  [jvm.dll+0x3850de]  (no source info available)
V  [jvm.dll+0x385398]  (no source info available)
V  [jvm.dll+0x35d10c]  (no source info available)
V  [jvm.dll+0x35d19a]  (no source info available)
V  [jvm.dll+0x3aa602]  (no source info available)
V  [jvm.dll+0x3a8c32]  (no source info available)
V  [jvm.dll+0x35c8d7]  (no source info available)
V  [jvm.dll+0x3a83e4]  (no source info available)
V  [jvm.dll+0x8e29c2]  (no source info available)
V  [jvm.dll+0x8e3d0c]  (no source info available)
V  [jvm.dll+0x8e4278]  (no source info available)
V  [jvm.dll+0x8e4513]  (no source info available)
V  [jvm.dll+0x87d9eb]  (no source info available)
V  [jvm.dll+0x72ef45]  (no source info available)
C  [ucrtbase.dll+0x37b0]  (no source info available)
C  [KERNEL32.DLL+0x2e8d7]  (no source info available)
C  [ntdll.dll+0x8c48c]  (no source info available)

VM_Operation (0x0000005c875f63b0): G1CollectForAllocation, mode: safepoint, requested by thread 0x000001b746027530


---------------  P R O C E S S  ---------------

Threads class SMR info:
_java_thread_list=0x000001b748afb2c0, length=28, elements={
0x000001b754937ee0, 0x000001b7660c3970, 0x000001b7660c94d0, 0x000001b7660cf480,
0x000001b7660d0a70, 0x000001b7660cd740, 0x000001b7660cde90, 0x000001b7660d8730,
0x000001b7660ce5e0, 0x000001b745627d10, 0x000001b7456284a0, 0x000001b7660ced30,
0x000001b7660cfbd0, 0x000001b7660d0320, 0x000001b746024950, 0x000001b746023ab0,
0x000001b746026de0, 0x000001b746024200, 0x000001b746027530, 0x000001b74602afb0,
0x000001b746027c80, 0x000001b746029270, 0x000001b7460299c0, 0x000001b74602a110,
0x000001b74602a860, 0x000001b748964a30, 0x000001b748961e50, 0x000001b7489625a0
}

Java Threads: ( => current thread )
  0x000001b754937ee0 JavaThread "main"                              [_thread_blocked, id=13836, stack(0x0000005c85900000,0x0000005c85a00000) (1024K)]
  0x000001b7660c3970 JavaThread "Reference Handler"          daemon [_thread_blocked, id=4668, stack(0x0000005c86100000,0x0000005c86200000) (1024K)]
  0x000001b7660c94d0 JavaThread "Finalizer"                  daemon [_thread_blocked, id=17768, stack(0x0000005c86200000,0x0000005c86300000) (1024K)]
  0x000001b7660cf480 JavaThread "Signal Dispatcher"          daemon [_thread_blocked, id=24616, stack(0x0000005c86300000,0x0000005c86400000) (1024K)]
  0x000001b7660d0a70 JavaThread "Attach Listener"            daemon [_thread_blocked, id=23924, stack(0x0000005c86400000,0x0000005c86500000) (1024K)]
  0x000001b7660cd740 JavaThread "Service Thread"             daemon [_thread_blocked, id=20696, stack(0x0000005c86500000,0x0000005c86600000) (1024K)]
  0x000001b7660cde90 JavaThread "Monitor Deflation Thread"   daemon [_thread_blocked, id=6228, stack(0x0000005c86600000,0x0000005c86700000) (1024K)]
  0x000001b7660d8730 JavaThread "C1 CompilerThread0"         daemon [_thread_blocked, id=4180, stack(0x0000005c86700000,0x0000005c86800000) (1024K)]
  0x000001b7660ce5e0 JavaThread "Common-Cleaner"             daemon [_thread_blocked, id=14088, stack(0x0000005c86900000,0x0000005c86a00000) (1024K)]
  0x000001b745627d10 JavaThread "C1 CompilerThread1"         daemon [_thread_blocked, id=19172, stack(0x0000005c86800000,0x0000005c86900000) (1024K)]
  0x000001b7456284a0 JavaThread "C1 CompilerThread2"         daemon [_thread_blocked, id=11292, stack(0x0000005c86a00000,0x0000005c86b00000) (1024K)]
  0x000001b7660ced30 JavaThread "Monitor Ctrl-Break"         daemon [_thread_in_native, id=13912, stack(0x0000005c86b00000,0x0000005c86c00000) (1024K)]
  0x000001b7660cfbd0 JavaThread "Notification Thread"        daemon [_thread_blocked, id=10108, stack(0x0000005c86c00000,0x0000005c86d00000) (1024K)]
  0x000001b7660d0320 JavaThread "RMI TCP Accept-0"           daemon [_thread_in_native, id=14692, stack(0x0000005c86d00000,0x0000005c86e00000) (1024K)]
  0x000001b746024950 JavaThread "RMI TCP Connection(1)-26.221.62.82" daemon [_thread_in_native, id=3436, stack(0x0000005c86e00000,0x0000005c86f00000) (1024K)]
  0x000001b746023ab0 JavaThread "RMI Scheduler(0)"           daemon [_thread_blocked, id=20188, stack(0x0000005c87200000,0x0000005c87300000) (1024K)]
  0x000001b746026de0 JavaThread "JMX server connection timeout 32" daemon [_thread_blocked, id=18548, stack(0x0000005c87300000,0x0000005c87400000) (1024K)]
  0x000001b746024200 JavaThread "Thread-0"                          [_thread_blocked, id=19176, stack(0x0000005c87400000,0x0000005c87500000) (1024K)]
  0x000001b746027530 JavaThread "restartedMain"                     [_thread_blocked, id=25256, stack(0x0000005c87500000,0x0000005c87600000) (1024K)]
  0x000001b74602afb0 JavaThread "mysql-cj-abandoned-connection-cleanup" daemon [_thread_blocked, id=21808, stack(0x0000005c87600000,0x0000005c87700000) (1024K)]
  0x000001b746027c80 JavaThread "HikariPool-1:housekeeper"   daemon [_thread_blocked, id=26860, stack(0x0000005c87800000,0x0000005c87900000) (1024K)]
  0x000001b746029270 JavaThread "Catalina-utility-1"                [_thread_blocked, id=24372, stack(0x0000005c87a00000,0x0000005c87b00000) (1024K)]
  0x000001b7460299c0 JavaThread "Catalina-utility-2"                [_thread_blocked, id=672, stack(0x0000005c87b00000,0x0000005c87c00000) (1024K)]
  0x000001b74602a110 JavaThread "container-0"                       [_thread_blocked, id=4936, stack(0x0000005c87c00000,0x0000005c87d00000) (1024K)]
  0x000001b74602a860 JavaThread "Jndi-Dns-address-change-listener" daemon [_thread_in_native, id=11536, stack(0x0000005c87d00000,0x0000005c87e00000) (1024K)]
  0x000001b748964a30 JavaThread "lettuce-timer-3-1"          daemon [_thread_blocked, id=4960, stack(0x0000005c87e00000,0x0000005c87f00000) (1024K)]
  0x000001b748961e50 JavaThread "RxSchedulerPurge-1"         daemon [_thread_blocked, id=22804, stack(0x0000005c87900000,0x0000005c87a00000) (1024K)]
  0x000001b7489625a0 JavaThread "RxCachedWorkerPoolEvictor-1" daemon [_thread_blocked, id=12112, stack(0x0000005c87f00000,0x0000005c88000000) (1024K)]
Total: 28

Other Threads:
=>0x000001b7660b2ec0 VMThread "VM Thread"                           [id=26520, stack(0x0000005c86000000,0x0000005c86100000) (1024K)]
  0x000001b7660a55d0 WatcherThread "VM Periodic Task Thread"        [id=19104, stack(0x0000005c85f00000,0x0000005c86000000) (1024K)]
  0x000001b75498cf10 WorkerThread "GC Thread#0"                     [id=21276, stack(0x0000005c85a00000,0x0000005c85b00000) (1024K)]
  0x000001b746049940 WorkerThread "GC Thread#1"                     [id=20796, stack(0x0000005c86f00000,0x0000005c87000000) (1024K)]
  0x000001b746058150 WorkerThread "GC Thread#2"                     [id=20640, stack(0x0000005c87000000,0x0000005c87100000) (1024K)]
  0x000001b746058500 WorkerThread "GC Thread#3"                     [id=24916, stack(0x0000005c87100000,0x0000005c87200000) (1024K)]
  0x000001b75499cbf0 ConcurrentGCThread "G1 Main Marker"            [id=14904, stack(0x0000005c85b00000,0x0000005c85c00000) (1024K)]
  0x000001b75499d620 WorkerThread "G1 Conc#0"                       [id=272, stack(0x0000005c85c00000,0x0000005c85d00000) (1024K)]
  0x000001b765f79910 ConcurrentGCThread "G1 Refine#0"               [id=3512, stack(0x0000005c85d00000,0x0000005c85e00000) (1024K)]
  0x000001b765f7a140 ConcurrentGCThread "G1 Service"                [id=15920, stack(0x0000005c85e00000,0x0000005c85f00000) (1024K)]
Total: 10

Threads with active compile tasks:
Total: 0

VM state: at safepoint (normal execution)

VM Mutex/Monitor currently owned by a thread:  ([mutex/lock_event])
[0x00007ffb097c44f0] Threads_lock - owner thread: 0x000001b7660b2ec0
[0x00007ffb097c45f0] Heap_lock - owner thread: 0x000001b746027530

Heap address: 0x0000000742000000, size: 3040 MB, Compressed Oops mode: Zero based, Oop shift amount: 3

CDS archive(s) mapped at: [0x000001b700000000-0x000001b700d40000-0x000001b700d40000), size 13893632, SharedBaseAddress: 0x000001b700000000, ArchiveRelocationMode: 1.
Compressed class space mapped at: 0x000001b701000000-0x000001b741000000, reserved size: 1073741824
UseCompressedClassPointers 1, UseCompactObjectHeaders 0
Narrow klass pointer bits 32, Max shift 3
Narrow klass base: 0x000001b700000000, Narrow klass shift: 0
Encoding Range: [0x000001b700000000 - 0x000001b800000000), (4294967296 bytes)
Klass Range:    [0x000001b700000000 - 0x000001b741000000), (1090519040 bytes)
Klass ID Range:  [8 - 1090519033) (1090519025)

GC Precious Log:
 CardTable entry size: 512
 Card Set container configuration: InlinePtr #cards 4 size 8 Array Of Cards #cards 16 size 48 Howl #buckets 8 coarsen threshold 3686 Howl Bitmap #cards 512 size 80 coarsen threshold 460 Card regions per heap region 1 cards per card region 4096
 CPUs: 4 total, 4 available
 Memory: 12153M
 Large Page Support: Disabled
 NUMA Support: Disabled
 Compressed Oops: Enabled (Zero based)
 Heap Region Size: 2M
 Heap Min Capacity: 8M
 Heap Initial Capacity: 190M
 Heap Max Capacity: 3040M
 Pre-touch: Disabled
 Parallel Workers: 4
 Concurrent Workers: 1
 Concurrent Refinement Workers: 4
 Periodic GC: Disabled

Heap:
 garbage-first heap   total reserved 3112960K, committed 98304K, used 69391K [0x0000000742000000, 0x0000000800000000)
  region size 2048K, 2 young (4096K), 2 survivors (4096K)
 Metaspace       used 93715K, committed 94272K, reserved 1179648K
  class space    used 10956K, committed 11200K, reserved 1048576K

Heap Regions: E=young(eden), S=young(survivor), O=old, HS=humongous(starts), HC=humongous(continues), CS=collection set, F=free, TAMS=top-at-mark-start, PB=parsable bottom
|   0|0x0000000742000000, 0x0000000742200000, 0x0000000742200000|100%| O|  |TAMS 0x0000000742200000| PB 0x0000000742000000| Untracked |  0
|   1|0x0000000742200000, 0x0000000742400000, 0x0000000742400000|100%| O|  |TAMS 0x0000000742400000| PB 0x0000000742200000| Untracked |  0
|   2|0x0000000742400000, 0x0000000742600000, 0x0000000742600000|100%| O|  |TAMS 0x0000000742600000| PB 0x0000000742400000| Untracked |  0
|   3|0x0000000742600000, 0x0000000742800000, 0x0000000742800000|100%| O|  |TAMS 0x0000000742800000| PB 0x0000000742600000| Untracked |  0
|   4|0x0000000742800000, 0x0000000742a00000, 0x0000000742a00000|100%| O|  |TAMS 0x0000000742a00000| PB 0x0000000742800000| Untracked |  0
|   5|0x0000000742a00000, 0x0000000742c00000, 0x0000000742c00000|100%| O|  |TAMS 0x0000000742c00000| PB 0x0000000742a00000| Untracked |  0
|   6|0x0000000742c00000, 0x0000000742e00000, 0x0000000742e00000|100%| O|  |TAMS 0x0000000742e00000| PB 0x0000000742c00000| Untracked |  0
|   7|0x0000000742e00000, 0x0000000743000000, 0x0000000743000000|100%| O|  |TAMS 0x0000000743000000| PB 0x0000000742e00000| Untracked |  0
|   8|0x0000000743000000, 0x0000000743200000, 0x0000000743200000|100%| O|  |TAMS 0x0000000743200000| PB 0x0000000743000000| Untracked |  0
|   9|0x0000000743200000, 0x0000000743400000, 0x0000000743400000|100%| O|  |TAMS 0x0000000743400000| PB 0x0000000743200000| Untracked |  0
|  10|0x0000000743400000, 0x0000000743600000, 0x0000000743600000|100%| O|  |TAMS 0x0000000743600000| PB 0x0000000743400000| Untracked |  0
|  11|0x0000000743600000, 0x0000000743800000, 0x0000000743800000|100%| O|  |TAMS 0x0000000743800000| PB 0x0000000743600000| Untracked |  0
|  12|0x0000000743800000, 0x0000000743a00000, 0x0000000743a00000|100%| O|  |TAMS 0x0000000743a00000| PB 0x0000000743800000| Untracked |  0
|  13|0x0000000743a00000, 0x0000000743c00000, 0x0000000743c00000|100%| O|  |TAMS 0x0000000743c00000| PB 0x0000000743a00000| Untracked |  0
|  14|0x0000000743c00000, 0x0000000743e00000, 0x0000000743e00000|100%| O|  |TAMS 0x0000000743e00000| PB 0x0000000743c00000| Untracked |  0
|  15|0x0000000743e00000, 0x0000000744000000, 0x0000000744000000|100%| O|  |TAMS 0x0000000744000000| PB 0x0000000743e00000| Untracked |  0
|  16|0x0000000744000000, 0x0000000744200000, 0x0000000744200000|100%| O|  |TAMS 0x0000000744200000| PB 0x0000000744000000| Untracked |  0
|  17|0x0000000744200000, 0x0000000744400000, 0x0000000744400000|100%| O|  |TAMS 0x0000000744400000| PB 0x0000000744200000| Untracked |  0
|  18|0x0000000744400000, 0x0000000744600000, 0x0000000744600000|100%| O|  |TAMS 0x0000000744600000| PB 0x0000000744400000| Untracked |  0
|  19|0x0000000744600000, 0x0000000744800000, 0x0000000744800000|100%| O|  |TAMS 0x0000000744800000| PB 0x0000000744600000| Untracked |  0
|  20|0x0000000744800000, 0x0000000744a00000, 0x0000000744a00000|100%| O|  |TAMS 0x0000000744a00000| PB 0x0000000744800000| Untracked |  0
|  21|0x0000000744a00000, 0x0000000744c00000, 0x0000000744c00000|100%| O|  |TAMS 0x0000000744c00000| PB 0x0000000744a00000| Untracked |  0
|  22|0x0000000744c00000, 0x0000000744e00000, 0x0000000744e00000|100%| O|  |TAMS 0x0000000744c00000| PB 0x0000000744c00000| Untracked |  0
|  23|0x0000000744e00000, 0x0000000745000000, 0x0000000745000000|100%| O|  |TAMS 0x0000000745000000| PB 0x0000000744e00000| Untracked |  0
|  24|0x0000000745000000, 0x0000000745200000, 0x0000000745200000|100%| O|  |TAMS 0x0000000745200000| PB 0x0000000745000000| Untracked |  0
|  25|0x0000000745200000, 0x0000000745400000, 0x0000000745400000|100%| O|  |TAMS 0x0000000745400000| PB 0x0000000745200000| Untracked |  0
|  26|0x0000000745400000, 0x0000000745600000, 0x0000000745600000|100%| O|  |TAMS 0x0000000745600000| PB 0x0000000745400000| Untracked |  0
|  27|0x0000000745600000, 0x0000000745800000, 0x0000000745800000|100%| O|  |TAMS 0x0000000745800000| PB 0x0000000745600000| Untracked |  0
|  28|0x0000000745800000, 0x0000000745a00000, 0x0000000745a00000|100%| O|  |TAMS 0x00000007459708c0| PB 0x0000000745800000| Untracked |  0
|  29|0x0000000745a00000, 0x0000000745c00000, 0x0000000745c00000|100%| O|  |TAMS 0x0000000745a00000| PB 0x0000000745a00000| Untracked |  0
|  30|0x0000000745c00000, 0x0000000745e00000, 0x0000000745e00000|100%| O|  |TAMS 0x0000000745e00000| PB 0x0000000745c00000| Untracked |  0
|  31|0x0000000745e00000, 0x0000000745e00000, 0x0000000746000000|  0%| F|  |TAMS 0x0000000745e00000| PB 0x0000000745e00000| Untracked |  0
|  32|0x0000000746000000, 0x0000000746000000, 0x0000000746200000|  0%| F|  |TAMS 0x0000000746000000| PB 0x0000000746000000| Untracked |  0
|  33|0x0000000746200000, 0x0000000746400000, 0x0000000746400000|100%| O|  |TAMS 0x0000000746200000| PB 0x0000000746200000| Untracked |  0
|  34|0x0000000746400000, 0x0000000746400000, 0x0000000746600000|  0%| F|  |TAMS 0x0000000746400000| PB 0x0000000746400000| Untracked |  0
|  35|0x0000000746600000, 0x00000007467c3f78, 0x0000000746800000| 88%| S|CS|TAMS 0x0000000746600000| PB 0x0000000746600000| Complete |  0
|  36|0x0000000746800000, 0x0000000746a00000, 0x0000000746a00000|100%| S|CS|TAMS 0x0000000746800000| PB 0x0000000746800000| Complete |  0
|  37|0x0000000746a00000, 0x0000000746a00000, 0x0000000746c00000|  0%| F|  |TAMS 0x0000000746a00000| PB 0x0000000746a00000| Untracked |  0
|  38|0x0000000746c00000, 0x0000000746c00000, 0x0000000746e00000|  0%| F|  |TAMS 0x0000000746c00000| PB 0x0000000746c00000| Untracked |  0
|  39|0x0000000746e00000, 0x0000000746e00000, 0x0000000747000000|  0%| F|  |TAMS 0x0000000746e00000| PB 0x0000000746e00000| Untracked |  0
|  40|0x0000000747000000, 0x0000000747000000, 0x0000000747200000|  0%| F|  |TAMS 0x0000000747000000| PB 0x0000000747000000| Untracked |  0
|  41|0x0000000747200000, 0x0000000747200000, 0x0000000747400000|  0%| F|  |TAMS 0x0000000747200000| PB 0x0000000747200000| Untracked |  0
|  42|0x0000000747400000, 0x0000000747400000, 0x0000000747600000|  0%| F|  |TAMS 0x0000000747400000| PB 0x0000000747400000| Untracked |  0
|  91|0x000000074d600000, 0x000000074d600000, 0x000000074d800000|  0%| F|  |TAMS 0x000000074d600000| PB 0x000000074d600000| Untracked |  0
|  92|0x000000074d800000, 0x000000074d800000, 0x000000074da00000|  0%| F|  |TAMS 0x000000074d800000| PB 0x000000074d800000| Untracked |  0
|  93|0x000000074da00000, 0x000000074da00000, 0x000000074dc00000|  0%| F|  |TAMS 0x000000074da00000| PB 0x000000074da00000| Untracked |  0
|  94|0x000000074dc00000, 0x000000074dc00000, 0x000000074de00000|  0%| F|  |TAMS 0x000000074dc00000| PB 0x000000074dc00000| Untracked |  0
|1519|0x00000007ffe00000, 0x00000007ffe00000, 0x0000000800000000|  0%| F|  |TAMS 0x00000007ffe00000| PB 0x00000007ffe00000| Untracked |  0

Card table byte_map: [0x000001b7607b0000,0x000001b760da0000] _byte_map_base: 0x000001b75cda0000

Marking Bits: (CMBitMap*) 0x000001b75498d530
 Bits: [0x000001b760da0000, 0x000001b763d20000)

Polling page: 0x000001b752720000

Metaspace:

Usage:
  Non-class:     80.82 MB used.
      Class:     10.70 MB used.
       Both:     91.52 MB used.

Virtual space:
  Non-class space:      128.00 MB reserved,      81.12 MB ( 63%) committed,  2 nodes.
      Class space:        1.00 GB reserved,      10.94 MB (  1%) committed,  1 nodes.
             Both:        1.12 GB reserved,      92.06 MB (  8%) committed. 

Chunk freelists:
   Non-Class:  14.31 MB
       Class:  5.00 MB
        Both:  19.31 MB

MaxMetaspaceSize: unlimited
CompressedClassSpaceSize: 1.00 GB
Initial GC threshold: 21.00 MB
Current GC threshold: 150.88 MB
CDS: on
 - commit_granule_bytes: 65536.
 - commit_granule_words: 8192.
 - virtual_space_node_default_size: 8388608.
 - enlarge_chunks_in_place: 1.
UseCompressedClassPointers 1, UseCompactObjectHeaders 0
Narrow klass pointer bits 32, Max shift 3
Narrow klass base: 0x000001b700000000, Narrow klass shift: 0
Encoding Range: [0x000001b700000000 - 0x000001b800000000), (4294967296 bytes)
Klass Range:    [0x000001b700000000 - 0x000001b741000000), (1090519040 bytes)
Klass ID Range:  [8 - 1090519033) (1090519025)


Internal statistics:

num_allocs_failed_limit: 6.
num_arena_births: 762.
num_arena_deaths: 0.
num_vsnodes_births: 3.
num_vsnodes_deaths: 0.
num_space_committed: 1473.
num_space_uncommitted: 0.
num_chunks_returned_to_freelist: 6.
num_chunks_taken_from_freelist: 3885.
num_chunk_merges: 0.
num_chunk_splits: 2976.
num_chunks_enlarged: 2531.
num_inconsistent_stats: 0.

CodeCache: size=49152Kb used=12281Kb max_used=12281Kb free=36870Kb
 bounds [0x000001b75d1c0000, 0x000001b75ddc0000, 0x000001b7601c0000]
 total_blobs=8802, nmethods=7987, adapters=738, full_count=0
Compilation: enabled, stopped_count=0, restarted_count=0

Compilation events (20 events):
Event: 28.893 Thread 0x000001b7456284a0 8106       1       org.antlr.v4.runtime.atn.EmptyPredictionContext::getReturnState (5 bytes)
Event: 28.893 Thread 0x000001b7456284a0 nmethod 8106 0x000001b75ddbba08 code [0x000001b75ddbbb00, 0x000001b75ddbbbc8]
Event: 28.947 Thread 0x000001b7456284a0 8107       1       org.antlr.v4.runtime.DefaultErrorStrategy::endErrorCondition (16 bytes)
Event: 28.947 Thread 0x000001b7456284a0 nmethod 8107 0x000001b75ddbbd08 code [0x000001b75ddbbe20, 0x000001b75ddbbf18]
Event: 28.951 Thread 0x000001b745627d10 8108       1       org.antlr.v4.runtime.Parser::getInputStream (5 bytes)
Event: 28.951 Thread 0x000001b7660d8730 8109       1       org.antlr.v4.runtime.DefaultErrorStrategy::reportMatch (6 bytes)
Event: 28.951 Thread 0x000001b7456284a0 8110       1       org.antlr.v4.runtime.Parser::consume (214 bytes)
Event: 28.951 Thread 0x000001b745627d10 nmethod 8108 0x000001b75ddbc008 code [0x000001b75ddbc100, 0x000001b75ddbc1c8]
Event: 28.951 Thread 0x000001b7660d8730 nmethod 8109 0x000001b75ddbc308 code [0x000001b75ddbc420, 0x000001b75ddbc518]
Event: 28.951 Thread 0x000001b745627d10 8111       1       org.antlr.v4.runtime.DefaultErrorStrategy::inErrorRecoveryMode (5 bytes)
Event: 28.952 Thread 0x000001b745627d10 nmethod 8111 0x000001b75ddbc608 code [0x000001b75ddbc700, 0x000001b75ddbc7c8]
Event: 28.952 Thread 0x000001b745627d10 8112       1       org.antlr.v4.runtime.Parser::createTerminalNode (9 bytes)
Event: 28.952 Thread 0x000001b7660d8730 8113       1       org.antlr.v4.runtime.tree.TerminalNodeImpl::<init> (10 bytes)
Event: 28.952 Thread 0x000001b7660d8730 nmethod 8113 0x000001b75ddbc908 code [0x000001b75ddbca20, 0x000001b75ddbcb38]
Event: 28.952 Thread 0x000001b745627d10 nmethod 8112 0x000001b75ddbcc08 code [0x000001b75ddbcd20, 0x000001b75ddbce90]
Event: 28.952 Thread 0x000001b7660d8730 8114       1       org.antlr.v4.runtime.ParserRuleContext::addChild (16 bytes)
Event: 28.952 Thread 0x000001b7660d8730 nmethod 8114 0x000001b75ddbcf08 code [0x000001b75ddbd040, 0x000001b75ddbd3a0]
Event: 28.953 Thread 0x000001b7456284a0 nmethod 8110 0x000001b75ddbd408 code [0x000001b75ddbd660, 0x000001b75ddbe150]
Event: 28.959 Thread 0x000001b745627d10 8115       1       io.netty.util.HashedWheelTimer::access$200 (5 bytes)
Event: 28.959 Thread 0x000001b745627d10 nmethod 8115 0x000001b75ddbe288 code [0x000001b75ddbe380, 0x000001b75ddbe430]

GC Heap History (20 events):
Event: 22.510 GC heap after
{Heap after GC invocations=16 (full 0):
 garbage-first heap   total reserved 3112960K, committed 75776K, used 43691K [0x0000000742000000, 0x0000000800000000)
  region size 2048K, 2 young (4096K), 2 survivors (4096K)
 Metaspace       used 68803K, committed 69376K, reserved 1114112K
  class space    used 7617K, committed 7872K, reserved 1048576K
}
Event: 23.343 GC heap before
{Heap before GC invocations=17 (full 0):
 garbage-first heap   total reserved 3112960K, committed 79872K, used 62123K [0x0000000742000000, 0x0000000800000000)
  region size 2048K, 11 young (22528K), 2 survivors (4096K)
 Metaspace       used 71669K, committed 72256K, reserved 1114112K
  class space    used 8061K, committed 8320K, reserved 1048576K
}
Event: 23.351 GC heap after
{Heap after GC invocations=18 (full 0):
 garbage-first heap   total reserved 3112960K, committed 79872K, used 44585K [0x0000000742000000, 0x0000000800000000)
  region size 2048K, 1 young (2048K), 1 survivors (2048K)
 Metaspace       used 71669K, committed 72256K, reserved 1114112K
  class space    used 8061K, committed 8320K, reserved 1048576K
}
Event: 24.445 GC heap before
{Heap before GC invocations=18 (full 0):
 garbage-first heap   total reserved 3112960K, committed 79872K, used 71209K [0x0000000742000000, 0x0000000800000000)
  region size 2048K, 14 young (28672K), 1 survivors (2048K)
 Metaspace       used 75678K, committed 76288K, reserved 1179648K
  class space    used 8560K, committed 8832K, reserved 1048576K
}
Event: 24.455 GC heap after
{Heap after GC invocations=19 (full 0):
 garbage-first heap   total reserved 3112960K, committed 79872K, used 45572K [0x0000000742000000, 0x0000000800000000)
  region size 2048K, 2 young (4096K), 2 survivors (4096K)
 Metaspace       used 75678K, committed 76288K, reserved 1179648K
  class space    used 8560K, committed 8832K, reserved 1048576K
}
Event: 25.749 GC heap before
{Heap before GC invocations=19 (full 0):
 garbage-first heap   total reserved 3112960K, committed 79872K, used 66052K [0x0000000742000000, 0x0000000800000000)
  region size 2048K, 13 young (26624K), 2 survivors (4096K)
 Metaspace       used 80523K, committed 81152K, reserved 1179648K
  class space    used 9022K, committed 9280K, reserved 1048576K
}
Event: 25.757 GC heap after
{Heap after GC invocations=20 (full 0):
 garbage-first heap   total reserved 3112960K, committed 79872K, used 47606K [0x0000000742000000, 0x0000000800000000)
  region size 2048K, 2 young (4096K), 2 survivors (4096K)
 Metaspace       used 80523K, committed 81152K, reserved 1179648K
  class space    used 9022K, committed 9280K, reserved 1048576K
}
Event: 26.554 GC heap before
{Heap before GC invocations=21 (full 0):
 garbage-first heap   total reserved 3112960K, committed 81920K, used 70134K [0x0000000742000000, 0x0000000800000000)
  region size 2048K, 13 young (26624K), 2 survivors (4096K)
 Metaspace       used 83190K, committed 83840K, reserved 1179648K
  class space    used 9297K, committed 9600K, reserved 1048576K
}
Event: 26.562 GC heap after
{Heap after GC invocations=22 (full 0):
 garbage-first heap   total reserved 3112960K, committed 81920K, used 49803K [0x0000000742000000, 0x0000000800000000)
  region size 2048K, 2 young (4096K), 2 survivors (4096K)
 Metaspace       used 83190K, committed 83840K, reserved 1179648K
  class space    used 9297K, committed 9600K, reserved 1048576K
}
Event: 27.151 GC heap before
{Heap before GC invocations=22 (full 0):
 garbage-first heap   total reserved 3112960K, committed 81920K, used 70283K [0x0000000742000000, 0x0000000800000000)
  region size 2048K, 13 young (26624K), 2 survivors (4096K)
 Metaspace       used 85500K, committed 86144K, reserved 1179648K
  class space    used 9779K, committed 10048K, reserved 1048576K
}
Event: 27.161 GC heap after
{Heap after GC invocations=23 (full 0):
 garbage-first heap   total reserved 3112960K, committed 98304K, used 51315K [0x0000000742000000, 0x0000000800000000)
  region size 2048K, 1 young (2048K), 1 survivors (2048K)
 Metaspace       used 85500K, committed 86144K, reserved 1179648K
  class space    used 9779K, committed 10048K, reserved 1048576K
}
Event: 27.996 GC heap before
{Heap before GC invocations=23 (full 0):
 garbage-first heap   total reserved 3112960K, committed 98304K, used 86131K [0x0000000742000000, 0x0000000800000000)
  region size 2048K, 19 young (38912K), 1 survivors (2048K)
 Metaspace       used 91971K, committed 92544K, reserved 1179648K
  class space    used 10686K, committed 10944K, reserved 1048576K
}
Event: 28.002 GC heap after
{Heap after GC invocations=24 (full 0):
 garbage-first heap   total reserved 3112960K, committed 98304K, used 57219K [0x0000000742000000, 0x0000000800000000)
  region size 2048K, 3 young (6144K), 3 survivors (6144K)
 Metaspace       used 91971K, committed 92544K, reserved 1179648K
  class space    used 10686K, committed 10944K, reserved 1048576K
}
Event: 28.645 GC heap before
{Heap before GC invocations=25 (full 0):
 garbage-first heap   total reserved 3112960K, committed 98304K, used 85891K [0x0000000742000000, 0x0000000800000000)
  region size 2048K, 17 young (34816K), 3 survivors (6144K)
 Metaspace       used 93545K, committed 94144K, reserved 1179648K
  class space    used 10921K, committed 11200K, reserved 1048576K
}
Event: 28.653 GC heap after
{Heap after GC invocations=26 (full 0):
 garbage-first heap   total reserved 3112960K, committed 98304K, used 59098K [0x0000000742000000, 0x0000000800000000)
  region size 2048K, 2 young (4096K), 2 survivors (4096K)
 Metaspace       used 93545K, committed 94144K, reserved 1179648K
  class space    used 10921K, committed 11200K, reserved 1048576K
}
Event: 28.731 GC heap before
{Heap before GC invocations=26 (full 0):
 garbage-first heap   total reserved 3112960K, committed 98304K, used 85722K [0x0000000742000000, 0x0000000800000000)
  region size 2048K, 15 young (30720K), 2 survivors (4096K)
 Metaspace       used 93555K, committed 94144K, reserved 1179648K
  class space    used 10923K, committed 11200K, reserved 1048576K
}
Event: 28.739 GC heap after
{Heap after GC invocations=27 (full 0):
 garbage-first heap   total reserved 3112960K, committed 98304K, used 59978K [0x0000000742000000, 0x0000000800000000)
  region size 2048K, 1 young (2048K), 1 survivors (2048K)
 Metaspace       used 93555K, committed 94144K, reserved 1179648K
  class space    used 10923K, committed 11200K, reserved 1048576K
}
Event: 28.906 GC heap before
{Heap before GC invocations=27 (full 0):
 garbage-first heap   total reserved 3112960K, committed 98304K, used 88650K [0x0000000742000000, 0x0000000800000000)
  region size 2048K, 15 young (30720K), 1 survivors (2048K)
 Metaspace       used 93711K, committed 94272K, reserved 1179648K
  class space    used 10956K, committed 11200K, reserved 1048576K
}
Event: 28.914 GC heap after
{Heap after GC invocations=28 (full 0):
 garbage-first heap   total reserved 3112960K, committed 98304K, used 65138K [0x0000000742000000, 0x0000000800000000)
  region size 2048K, 2 young (4096K), 2 survivors (4096K)
 Metaspace       used 93711K, committed 94272K, reserved 1179648K
  class space    used 10956K, committed 11200K, reserved 1048576K
}
Event: 29.004 GC heap before
{Heap before GC invocations=28 (full 0):
 garbage-first heap   total reserved 3112960K, committed 98304K, used 87666K [0x0000000742000000, 0x0000000800000000)
  region size 2048K, 13 young (26624K), 2 survivors (4096K)
 Metaspace       used 93715K, committed 94272K, reserved 1179648K
  class space    used 10956K, committed 11200K, reserved 1048576K
}

Dll operation events (11 events):
Event: 0.078 Loaded shared library C:\Users\huyle\.jdks\openjdk-24.0.2\bin\java.dll
Event: 0.849 Loaded shared library C:\Users\huyle\.jdks\openjdk-24.0.2\bin\zip.dll
Event: 0.856 Loaded shared library C:\Users\huyle\.jdks\openjdk-24.0.2\bin\instrument.dll
Event: 0.865 Loaded shared library C:\Users\huyle\.jdks\openjdk-24.0.2\bin\net.dll
Event: 0.869 Loaded shared library C:\Users\huyle\.jdks\openjdk-24.0.2\bin\nio.dll
Event: 0.874 Loaded shared library C:\Users\huyle\.jdks\openjdk-24.0.2\bin\zip.dll
Event: 1.104 Loaded shared library C:\Users\huyle\.jdks\openjdk-24.0.2\bin\jimage.dll
Event: 3.033 Loaded shared library C:\Users\huyle\.jdks\openjdk-24.0.2\bin\extnet.dll
Event: 3.073 Loaded shared library C:\Users\huyle\.jdks\openjdk-24.0.2\bin\management.dll
Event: 3.106 Loaded shared library C:\Users\huyle\.jdks\openjdk-24.0.2\bin\management_ext.dll
Event: 6.819 Loaded shared library C:\Users\huyle\.jdks\openjdk-24.0.2\bin\sunmscapi.dll

Deoptimization events (2 events):
Event: 26.435 Thread 0x000001b746027530 DEOPT PACKING pc=0x000001b75dca78ec sp=0x0000005c875fc9d0
Event: 26.435 Thread 0x000001b746027530 DEOPT UNPACKING pc=0x000001b75d215722 sp=0x0000005c875fbe18 mode 0

Classes loaded (20 events):
Event: 26.575 Loading class java/util/regex/Pattern$Behind
Event: 26.576 Loading class java/util/regex/Pattern$Behind done
Event: 26.606 Loading class java/util/EmptyStackException
Event: 26.606 Loading class java/util/EmptyStackException done
Event: 26.889 Loading class java/io/InvalidClassException
Event: 26.889 Loading class java/io/InvalidClassException done
Event: 27.909 Loading class javax/net/DefaultSocketFactory
Event: 27.909 Loading class javax/net/DefaultSocketFactory done
Event: 27.913 Loading class javax/net/ssl/HostnameVerifier
Event: 27.913 Loading class javax/net/ssl/HostnameVerifier done
Event: 27.913 Loading class java/security/cert/CertificateParsingException
Event: 27.913 Loading class java/security/cert/CertificateParsingException done
Event: 28.083 Loading class sun/security/util/ManifestEntryVerifier$SunProviderHolder
Event: 28.083 Loading class sun/security/util/ManifestEntryVerifier$SunProviderHolder done
Event: 28.246 Loading class java/security/cert/PKIXRevocationChecker
Event: 28.246 Loading class java/security/cert/PKIXRevocationChecker done
Event: 28.251 Loading class java/security/Provider$OPType
Event: 28.251 Loading class java/security/Provider$OPType done
Event: 28.965 Loading class java/util/concurrent/ScheduledThreadPoolExecutor$DelayedWorkQueue$Itr
Event: 28.966 Loading class java/util/concurrent/ScheduledThreadPoolExecutor$DelayedWorkQueue$Itr done

Classes unloaded (0 events):
No events

Classes redefined (0 events):
No events

Internal exceptions (20 events):
Event: 23.662 Thread 0x000001b746027530 Exception <a 'java/io/IOException'{0x000000074d8cf530}> (0x000000074d8cf530) 
thrown [s\open\src\hotspot\share\prims\jni.cpp, line 518]
Event: 23.672 Thread 0x000001b746027530 Exception <a 'java/io/IOException'{0x000000074d900450}> (0x000000074d900450) 
thrown [s\open\src\hotspot\share\prims\jni.cpp, line 518]
Event: 24.132 Thread 0x000001b746027530 Exception <a 'java/lang/IncompatibleClassChangeError'{0x0000000745fe5278}: Found class java.lang.Object, but interface was expected> (0x0000000745fe5278) 
thrown [s\open\src\hotspot\share\interpreter\linkResolver.cpp, line 872]
Event: 24.218 Thread 0x000001b746027530 Exception <a 'java/lang/IncompatibleClassChangeError'{0x0000000745df5678}: Found class java.lang.Object, but interface was expected> (0x0000000745df5678) 
thrown [s\open\src\hotspot\share\interpreter\linkResolver.cpp, line 872]
Event: 24.648 Thread 0x000001b746027530 Exception <a 'java/lang/IncompatibleClassChangeError'{0x000000074db66d08}: Found class java.lang.Object, but interface was expected> (0x000000074db66d08) 
thrown [s\open\src\hotspot\share\interpreter\linkResolver.cpp, line 872]
Event: 25.091 Thread 0x000001b746027530 Exception <a 'java/io/FileNotFoundException'{0x00000007462f94e8}> (0x00000007462f94e8) 
thrown [s\open\src\hotspot\share\prims\jni.cpp, line 518]
Event: 25.125 Thread 0x000001b746027530 Exception <a 'java/lang/NoSuchMethodError'{0x0000000746035f90}: 'void java.lang.invoke.DirectMethodHandle$Holder.invokeVirtual(java.lang.Object, java.lang.Object, long)'> (0x0000000746035f90) 
thrown [s\open\src\hotspot\share\interpreter\linkResolver.cpp, line 805]
Event: 25.297 Thread 0x000001b746027530 Exception <a 'java/lang/NoSuchMethodError'{0x0000000745c1b430}: 'int java.lang.invoke.Invokers$Holder.invokeExact_MT(java.lang.Object, java.lang.Object, java.lang.Object)'> (0x0000000745c1b430) 
thrown [s\open\src\hotspot\share\interpreter\linkResolver.cpp, line 805]
Event: 25.311 Thread 0x000001b746027530 Exception <a 'java/lang/NoSuchMethodError'{0x0000000745c53c78}: 'java.lang.Object java.lang.invoke.DirectMethodHandle$Holder.invokeVirtual(java.lang.Object, java.lang.Object, int, int)'> (0x0000000745c53c78) 
thrown [s\open\src\hotspot\share\interpreter\linkResolver.cpp, line 805]
Event: 25.319 Thread 0x000001b746027530 Exception <a 'sun/nio/fs/WindowsException'{0x0000000745c80980}> (0x0000000745c80980) 
thrown [s\open\src\hotspot\share\prims\jni.cpp, line 518]
Event: 25.320 Thread 0x000001b746027530 Exception <a 'sun/nio/fs/WindowsException'{0x0000000745c81738}> (0x0000000745c81738) 
thrown [s\open\src\hotspot\share\prims\jni.cpp, line 518]
Event: 25.335 Thread 0x000001b746027530 Exception <a 'java/io/FileNotFoundException'{0x0000000745cb1d18}> (0x0000000745cb1d18) 
thrown [s\open\src\hotspot\share\prims\jni.cpp, line 518]
Event: 25.930 Thread 0x000001b746027530 Exception <a 'java/lang/NoSuchMethodError'{0x000000074d8dd068}: 'java.lang.Object java.lang.invoke.DirectMethodHandle$Holder.invokeStaticInit(java.lang.Object, long)'> (0x000000074d8dd068) 
thrown [s\open\src\hotspot\share\interpreter\linkResolver.cpp, line 805]
Event: 26.331 Thread 0x000001b746027530 Exception <a 'java/io/FileNotFoundException'{0x0000000745e97a78}> (0x0000000745e97a78) 
thrown [s\open\src\hotspot\share\prims\jni.cpp, line 518]
Event: 26.333 Thread 0x000001b746027530 Exception <a 'java/io/FileNotFoundException'{0x0000000745ea1660}> (0x0000000745ea1660) 
thrown [s\open\src\hotspot\share\prims\jni.cpp, line 518]
Event: 26.335 Thread 0x000001b746027530 Exception <a 'java/io/FileNotFoundException'{0x0000000745eab420}> (0x0000000745eab420) 
thrown [s\open\src\hotspot\share\prims\jni.cpp, line 518]
Event: 26.336 Thread 0x000001b746027530 Exception <a 'java/io/FileNotFoundException'{0x0000000745eb51a0}> (0x0000000745eb51a0) 
thrown [s\open\src\hotspot\share\prims\jni.cpp, line 518]
Event: 26.434 Thread 0x000001b746027530 Exception <a 'java/lang/NoSuchMethodError'{0x0000000745d2b100}: 'int java.lang.invoke.DirectMethodHandle$Holder.invokeStaticInit(java.lang.Object, int, java.lang.Object, java.lang.Object, java.lang.Object, java.lang.Object)'> (0x0000000745d2b100) 
thrown [s\open\src\hotspot\share\interpreter\linkResolver.cpp, line 805]
Event: 26.577 Thread 0x000001b746027530 Exception <a 'java/lang/IncompatibleClassChangeError'{0x00000007ffe52780}: Found class java.lang.Object, but interface was expected> (0x00000007ffe52780) 
thrown [s\open\src\hotspot\share\interpreter\linkResolver.cpp, line 872]
Event: 28.860 Thread 0x000001b746027530 Exception <a 'java/lang/IncompatibleClassChangeError'{0x0000000747144b48}: Found class java.lang.Object, but interface was expected> (0x0000000747144b48) 
thrown [s\open\src\hotspot\share\interpreter\linkResolver.cpp, line 872]

VM Operations (20 events):
Event: 26.902 Executing VM operation: HandshakeAllThreads (Deoptimize) done
Event: 27.139 Executing VM operation: HandshakeAllThreads (Deoptimize)
Event: 27.139 Executing VM operation: HandshakeAllThreads (Deoptimize) done
Event: 27.151 Executing VM operation: G1CollectForAllocation (G1 Evacuation Pause)
Event: 27.161 Executing VM operation: G1CollectForAllocation (G1 Evacuation Pause) done
Event: 27.996 Executing VM operation: G1CollectForAllocation (G1 Evacuation Pause)
Event: 28.002 Executing VM operation: G1CollectForAllocation (G1 Evacuation Pause) done
Event: 28.115 Executing VM operation: G1PauseRemark
Event: 28.119 Executing VM operation: G1PauseRemark done
Event: 28.159 Executing VM operation: G1PauseCleanup
Event: 28.159 Executing VM operation: G1PauseCleanup done
Event: 28.500 Executing VM operation: HandshakeAllThreads (Deoptimize)
Event: 28.500 Executing VM operation: HandshakeAllThreads (Deoptimize) done
Event: 28.645 Executing VM operation: G1CollectForAllocation (G1 Evacuation Pause)
Event: 28.653 Executing VM operation: G1CollectForAllocation (G1 Evacuation Pause) done
Event: 28.731 Executing VM operation: G1CollectForAllocation (G1 Evacuation Pause)
Event: 28.739 Executing VM operation: G1CollectForAllocation (G1 Evacuation Pause) done
Event: 28.906 Executing VM operation: G1CollectForAllocation (G1 Evacuation Pause)
Event: 28.914 Executing VM operation: G1CollectForAllocation (G1 Evacuation Pause) done
Event: 29.004 Executing VM operation: G1CollectForAllocation (G1 Evacuation Pause)

Memory protections (0 events):
No events

Nmethod flushes (20 events):
Event: 25.875 Thread 0x000001b7660b2ec0 flushing  nmethod 0x000001b75dae9c08
Event: 25.875 Thread 0x000001b7660b2ec0 flushing  nmethod 0x000001b75db2a908
Event: 25.875 Thread 0x000001b7660b2ec0 flushing  nmethod 0x000001b75db55288
Event: 25.875 Thread 0x000001b7660b2ec0 flushing  nmethod 0x000001b75db68d88
Event: 28.118 Thread 0x000001b7660b2ec0 flushing  nmethod 0x000001b75db8ef88
Event: 28.118 Thread 0x000001b7660b2ec0 flushing  nmethod 0x000001b75da31408
Event: 28.118 Thread 0x000001b7660b2ec0 flushing  nmethod 0x000001b75da96e08
Event: 28.118 Thread 0x000001b7660b2ec0 flushing  nmethod 0x000001b75db58308
Event: 28.118 Thread 0x000001b7660b2ec0 flushing  nmethod 0x000001b75db8df88
Event: 28.118 Thread 0x000001b7660b2ec0 flushing  nmethod 0x000001b75dc55888
Event: 28.118 Thread 0x000001b7660b2ec0 flushing  nmethod 0x000001b75d6da608
Event: 28.118 Thread 0x000001b7660b2ec0 flushing  nmethod 0x000001b75d8a8e08
Event: 28.118 Thread 0x000001b7660b2ec0 flushing  nmethod 0x000001b75d909c08
Event: 28.118 Thread 0x000001b7660b2ec0 flushing  nmethod 0x000001b75d953c88
Event: 28.118 Thread 0x000001b7660b2ec0 flushing  nmethod 0x000001b75d9f3808
Event: 28.118 Thread 0x000001b7660b2ec0 flushing  nmethod 0x000001b75d6c2008
Event: 28.118 Thread 0x000001b7660b2ec0 flushing  nmethod 0x000001b75d6c4188
Event: 28.118 Thread 0x000001b7660b2ec0 flushing  nmethod 0x000001b75d9fc608
Event: 28.118 Thread 0x000001b7660b2ec0 flushing  nmethod 0x000001b75dbb6b08
Event: 28.118 Thread 0x000001b7660b2ec0 flushing  nmethod 0x000001b75dca8188

Events (20 events):
Event: 3.799 Thread 0x000001b7660d0320 Thread added: 0x000001b746024950
Event: 3.908 Thread 0x000001b746024950 Thread added: 0x000001b746023ab0
Event: 3.940 Thread 0x000001b746024950 Thread added: 0x000001b746026de0
Event: 4.965 Thread 0x000001b754937ee0 Thread added: 0x000001b746024200
Event: 4.969 Thread 0x000001b746024200 Thread added: 0x000001b746027530
Event: 5.930 Thread 0x000001b746027530 Thread added: 0x000001b746027c80
Event: 7.706 Thread 0x000001b746027c80 Thread exited: 0x000001b746027c80
Event: 10.156 Thread 0x000001b746027530 Thread added: 0x000001b746025f40
Event: 10.343 Thread 0x000001b746025f40 Thread exited: 0x000001b746025f40
Event: 16.569 Thread 0x000001b746027530 Thread added: 0x000001b74602afb0
Event: 20.259 Thread 0x000001b746027530 Thread added: 0x000001b746027c80
Event: 20.367 Thread 0x000001b746027c80 Thread added: 0x000001b746028b20
Event: 25.100 Thread 0x000001b746027530 Thread added: 0x000001b746029270
Event: 25.101 Thread 0x000001b746029270 Thread added: 0x000001b7460299c0
Event: 25.107 Thread 0x000001b746027530 Thread added: 0x000001b74602a110
Event: 25.392 Thread 0x000001b746027530 Thread added: 0x000001b74602a860
Event: 25.660 Thread 0x000001b746027530 Thread added: 0x000001b748964a30
Event: 26.092 Thread 0x000001b746028b20 Thread exited: 0x000001b746028b20
Event: 27.965 Thread 0x000001b746027530 Thread added: 0x000001b748961e50
Event: 27.973 Thread 0x000001b746027530 Thread added: 0x000001b7489625a0


Dynamic libraries:
0x00007ff7d4f10000 - 0x00007ff7d4f1e000 	C:\Users\huyle\.jdks\openjdk-24.0.2\bin\java.exe
0x00007ffb995e0000 - 0x00007ffb99847000 	C:\WINDOWS\SYSTEM32\ntdll.dll
0x00007ffb992d0000 - 0x00007ffb99399000 	C:\WINDOWS\System32\KERNEL32.DLL
0x00007ffb960c0000 - 0x00007ffb964b1000 	C:\WINDOWS\System32\KERNELBASE.dll
0x00007ffb96910000 - 0x00007ffb96a5b000 	C:\WINDOWS\System32\ucrtbase.dll
0x00007ffb905b0000 - 0x00007ffb905c6000 	C:\Users\huyle\.jdks\openjdk-24.0.2\bin\jli.dll
0x00007ffb993d0000 - 0x00007ffb99595000 	C:\WINDOWS\System32\USER32.dll
0x00007ffb968e0000 - 0x00007ffb96907000 	C:\WINDOWS\System32\win32u.dll
0x00007ffb97bc0000 - 0x00007ffb97beb000 	C:\WINDOWS\System32\GDI32.dll
0x00007ffb967b0000 - 0x00007ffb968db000 	C:\WINDOWS\System32\gdi32full.dll
0x00007ffb96a60000 - 0x00007ffb96b03000 	C:\WINDOWS\System32\msvcp_win.dll
0x00007ffb950c0000 - 0x00007ffb95353000 	C:\WINDOWS\WinSxS\amd64_microsoft.windows.common-controls_6595b64144ccf1df_6.0.26100.8037_none_3e092faae333b53b\COMCTL32.dll
0x00007ffb97a30000 - 0x00007ffb97ad9000 	C:\WINDOWS\System32\msvcrt.dll
0x00007ffb90570000 - 0x00007ffb9058b000 	C:\Users\huyle\.jdks\openjdk-24.0.2\bin\VCRUNTIME140.dll
0x00007ffb975e0000 - 0x00007ffb97611000 	C:\WINDOWS\System32\IMM32.DLL
0x00007ffb90560000 - 0x00007ffb9056c000 	C:\Users\huyle\.jdks\openjdk-24.0.2\bin\vcruntime140_1.dll
0x00007ffb7c9f0000 - 0x00007ffb7ca7e000 	C:\Users\huyle\.jdks\openjdk-24.0.2\bin\msvcp140.dll
0x00007ffb08b00000 - 0x00007ffb098a1000 	C:\Users\huyle\.jdks\openjdk-24.0.2\bin\server\jvm.dll
0x00007ffb978c0000 - 0x00007ffb9797b000 	C:\WINDOWS\System32\ADVAPI32.dll
0x00007ffb97bf0000 - 0x00007ffb97c97000 	C:\WINDOWS\System32\sechost.dll
0x00007ffb98b20000 - 0x00007ffb98c38000 	C:\WINDOWS\System32\RPCRT4.dll
0x00007ffb97840000 - 0x00007ffb978b4000 	C:\WINDOWS\System32\WS2_32.dll
0x00007ffb95d40000 - 0x00007ffb95d9e000 	C:\WINDOWS\SYSTEM32\POWRPROF.dll
0x00007ffb867b0000 - 0x00007ffb867e5000 	C:\WINDOWS\SYSTEM32\WINMM.dll
0x00007ffb8e8f0000 - 0x00007ffb8e8fb000 	C:\WINDOWS\SYSTEM32\VERSION.dll
0x00007ffb95d20000 - 0x00007ffb95d34000 	C:\WINDOWS\SYSTEM32\UMPDC.dll
0x00007ffb942e0000 - 0x00007ffb942fb000 	C:\WINDOWS\SYSTEM32\kernel.appcore.dll
0x00007ffb90550000 - 0x00007ffb9055a000 	C:\Users\huyle\.jdks\openjdk-24.0.2\bin\jimage.dll
0x00007ffb95690000 - 0x00007ffb958d2000 	C:\WINDOWS\SYSTEM32\DBGHELP.DLL
0x00007ffb98d40000 - 0x00007ffb990c2000 	C:\WINDOWS\System32\combase.dll
0x00007ffb97ae0000 - 0x00007ffb97bb7000 	C:\WINDOWS\System32\OLEAUT32.dll
0x00007ffb95560000 - 0x00007ffb9559b000 	C:\WINDOWS\SYSTEM32\dbgcore.DLL
0x00007ffb96010000 - 0x00007ffb960b5000 	C:\WINDOWS\System32\bcryptPrimitives.dll
0x00007ffb90540000 - 0x00007ffb9054f000 	C:\Users\huyle\.jdks\openjdk-24.0.2\bin\instrument.dll
0x00007ffb86100000 - 0x00007ffb8611e000 	C:\Users\huyle\.jdks\openjdk-24.0.2\bin\java.dll
0x00007ffb97380000 - 0x00007ffb97515000 	C:\WINDOWS\System32\ole32.dll
0x00007ffb982c0000 - 0x00007ffb98a1f000 	C:\WINDOWS\System32\SHELL32.dll
0x00007ffb96640000 - 0x00007ffb967aa000 	C:\WINDOWS\System32\wintypes.dll
0x00007ffb96b10000 - 0x00007ffb97374000 	C:\WINDOWS\System32\windows.storage.dll
0x00007ffb98c40000 - 0x00007ffb98d37000 	C:\WINDOWS\System32\SHCORE.dll
0x00007ffb97520000 - 0x00007ffb97587000 	C:\WINDOWS\System32\shlwapi.dll
0x00007ffb95de0000 - 0x00007ffb95e09000 	C:\WINDOWS\SYSTEM32\profapi.dll
0x00007ffb85fa0000 - 0x00007ffb85fb7000 	C:\Users\huyle\.jdks\openjdk-24.0.2\bin\zip.dll
0x00007ffb90510000 - 0x00007ffb90520000 	C:\Users\huyle\.jdks\openjdk-24.0.2\bin\net.dll
0x00007ffb947f0000 - 0x00007ffb9485b000 	C:\WINDOWS\system32\mswsock.dll
0x00007ffb85f80000 - 0x00007ffb85f96000 	C:\Users\huyle\.jdks\openjdk-24.0.2\bin\nio.dll
0x00007ffb93d50000 - 0x00007ffb93e7a000 	C:\WINDOWS\SYSTEM32\DNSAPI.dll
0x00007ffb93d10000 - 0x00007ffb93d43000 	C:\WINDOWS\SYSTEM32\IPHLPAPI.DLL
0x00007ffb97e20000 - 0x00007ffb97e2a000 	C:\WINDOWS\System32\NSI.dll
0x00007ffb8e940000 - 0x00007ffb8e94b000 	C:\Windows\System32\rasadhlp.dll
0x00007ffb8d050000 - 0x00007ffb8d0d6000 	C:\WINDOWS\System32\fwpuclnt.dll
0x00007ffb8f430000 - 0x00007ffb8f439000 	C:\Users\huyle\.jdks\openjdk-24.0.2\bin\extnet.dll
0x00007ffb8c020000 - 0x00007ffb8c02a000 	C:\Users\huyle\.jdks\openjdk-24.0.2\bin\management.dll
0x00007ffb87e10000 - 0x00007ffb87e1b000 	C:\Users\huyle\.jdks\openjdk-24.0.2\bin\management_ext.dll
0x00007ffb992c0000 - 0x00007ffb992c8000 	C:\WINDOWS\System32\PSAPI.DLL
0x00007ffb959e0000 - 0x00007ffb959fb000 	C:\WINDOWS\SYSTEM32\CRYPTSP.dll
0x00007ffb94c20000 - 0x00007ffb94c59000 	C:\WINDOWS\system32\rsaenh.dll
0x00007ffb94860000 - 0x00007ffb94892000 	C:\WINDOWS\SYSTEM32\USERENV.dll
0x00007ffb95db0000 - 0x00007ffb95dda000 	C:\WINDOWS\SYSTEM32\bcrypt.dll
0x00007ffb94c10000 - 0x00007ffb94c1c000 	C:\WINDOWS\SYSTEM32\CRYPTBASE.dll
0x00007ffb756d0000 - 0x00007ffb756e8000 	C:\WINDOWS\system32\napinsp.dll
0x00007ffb756f0000 - 0x00007ffb75702000 	C:\WINDOWS\System32\winrnr.dll
0x00007ffb74be0000 - 0x00007ffb74c02000 	C:\WINDOWS\system32\nlansp_c.dll
0x00007ffb74bc0000 - 0x00007ffb74bd6000 	C:\WINDOWS\system32\wshbth.dll
0x00007ffb79a00000 - 0x00007ffb79a56000 	C:\WINDOWS\SYSTEM32\pdh.dll
0x00007ffb8c030000 - 0x00007ffb8c042000 	C:\WINDOWS\System32\perfproc.dll
0x00007ffb75710000 - 0x00007ffb75721000 	C:\WINDOWS\System32\perfos.dll
0x00007ffb92880000 - 0x00007ffb92892000 	C:\WINDOWS\SYSTEM32\pfclient.dll
0x00007ffb86130000 - 0x00007ffb8613e000 	C:\Users\huyle\.jdks\openjdk-24.0.2\bin\sunmscapi.dll
0x00007ffb964c0000 - 0x00007ffb96637000 	C:\WINDOWS\System32\CRYPT32.dll
0x00007ffb94ec0000 - 0x00007ffb94ef0000 	C:\WINDOWS\SYSTEM32\ncrypt.dll
0x00007ffb94e70000 - 0x00007ffb94eaf000 	C:\WINDOWS\SYSTEM32\NTASN1.dll
0x00007ffb8e440000 - 0x00007ffb8e45d000 	C:\WINDOWS\SYSTEM32\dhcpcsvc6.DLL
0x00007ffb8e3a0000 - 0x00007ffb8e3c3000 	C:\WINDOWS\SYSTEM32\dhcpcsvc.DLL

JVMTI agents:
C:\Program Files\JetBrains\IntelliJ IDEA 2025.2\lib\idea_rt.jar path:C:\Users\huyle\.jdks\openjdk-24.0.2\bin\instrument.dll, loaded, initialized, instrumentlib options:50878

dbghelp: loaded successfully - version: 4.0.5 - missing functions: none
symbol engine: initialized successfully - sym options: 0x614 - pdb path: .;C:\Users\huyle\.jdks\openjdk-24.0.2\bin;C:\WINDOWS\SYSTEM32;C:\WINDOWS\WinSxS\amd64_microsoft.windows.common-controls_6595b64144ccf1df_6.0.26100.8037_none_3e092faae333b53b;C:\Users\huyle\.jdks\openjdk-24.0.2\bin\server

VM Arguments:
jvm_args: -XX:TieredStopAtLevel=1 -Dspring.output.ansi.enabled=always -Dcom.sun.management.jmxremote -Dspring.jmx.enabled=true -Dspring.liveBeansView.mbeanDomain -Dspring.application.admin.enabled=true -Dmanagement.endpoints.jmx.exposure.include=* -javaagent:C:\Program Files\JetBrains\IntelliJ IDEA 2025.2\lib\idea_rt.jar=50878 -Dfile.encoding=UTF-8 -Dsun.stdout.encoding=UTF-8 -Dsun.stderr.encoding=UTF-8 
java_command: com.certificate.backend.BackendApplication
java_class_path (initial): D:\Documents\certificate-project\backend\target\classes;C:\Users\huyle\.m2\repository\org\springframework\boot\spring-boot-starter-web\4.0.3\spring-boot-starter-web-4.0.3.jar;C:\Users\huyle\.m2\repository\org\springframework\boot\spring-boot-starter-jackson\4.0.3\spring-boot-starter-jackson-4.0.3.jar;C:\Users\huyle\.m2\repository\org\springframework\boot\spring-boot-jackson\4.0.3\spring-boot-jackson-4.0.3.jar;C:\Users\huyle\.m2\repository\tools\jackson\core\jackson-databind\3.0.4\jackson-databind-3.0.4.jar;C:\Users\huyle\.m2\repository\tools\jackson\core\jackson-core\3.0.4\jackson-core-3.0.4.jar;C:\Users\huyle\.m2\repository\org\springframework\boot\spring-boot-starter-tomcat\4.0.3\spring-boot-starter-tomcat-4.0.3.jar;C:\Users\huyle\.m2\repository\org\springframework\boot\spring-boot-starter-tomcat-runtime\4.0.3\spring-boot-starter-tomcat-runtime-4.0.3.jar;C:\Users\huyle\.m2\repository\org\springframework\boot\spring-boot-web-server\4.0.3\spring-boot-web-server-4.0.3.jar;C:\Users\huyle\.m2\repository\org\apache\tomcat\embed\tomcat-embed-core\11.0.18\tomcat-embed-core-11.0.18.jar;C:\Users\huyle\.m2\repository\org\apache\tomcat\embed\tomcat-embed-websocket\11.0.18\tomcat-embed-websocket-11.0.18.jar;C:\Users\huyle\.m2\repository\org\springframework\boot\spring-boot-tomcat\4.0.3\spring-boot-tomcat-4.0.3.jar;C:\Users\huyle\.m2\repository\org\springframework\boot\spring-boot-http-converter\4.0.3\spring-boot-http-converter-4.0.3.jar;C:\Users\huyle\.m2\repository\org\springframework\spring-web\7.0.5\spring-web-7.0.5.jar;C:\Users\huyle\.m2\repository\org\springframework\boot\spring-boot-webmvc\4.0.3\spring-boot-webmvc-4.0.3.jar;C:\Users\huyle\.m2\repository\org\springframework\boot\spring-boot-servlet\4.0.3\spring-boot-servlet-4.0.3.jar;C:\Users\huyle\.m2\repository\org\springframework\spring-webmvc\7.0.5\spring-webmvc-7.0.5.jar;C:\Users\huyle\.m2\repository\org\springframework\boot\spring-boot-starter-data-jpa\4.0.3\spring-boot-starter-data-jpa-4.0.3.jar;C:\Users\huyle\.m2\repository\org\springframework\boot\spring-boot-starter\4.0.3\spring-boot-starter-4.0.3.jar;C:\Users\huyle\.m2\repository\org\springframework\boot\spring-boot-starter-logging\4.0.3\spring-boot-starter-logging-4.0.3.jar;C:\Users\huyle\.m2\repository\ch\qos\logback\logback-classic\1.5.32\logback-classic-1.5.32.jar;C:\Users\huyle\.m2\repository\ch\qos\logback\logback-core\1.5.32\logback-core-1.5.32.jar;C:\Users\huyle\.m2\repository\org\apache\logging\log4j\log4j-to-slf4j\2.25.3\log4j-to-slf4j-2.25.3.jar;C:\Users\huyle\.m2\repository\org\slf4j\jul-to-slf4j\2.0.17\jul-to-slf4j-2.0.17.jar;C:\Users\huyle\.m2\repository\jakarta\annotation\jakarta.annotation-api\3.0.0\jakarta.annotation-api-3.0.0.jar;C:\Users\huyle\.m2\repository\org\yaml\snakeyaml\2.5\snakeyaml-2.5.jar;C:\Users\huyle\.m2\repository\org\springframework\boot\spring-boot-starter-jdbc\4.0.3\spring-boot-starter-jdbc-4.0.3.jar;C:\Users\huyle\.m2\repository\com\zaxxer\HikariCP\7.0.2\HikariCP-7.0.2.jar;C:\Users\huyle\.m2\repository\org\springframework\boot\spring-boot-data-jpa\4.0.3\spring-boot-data-jpa-4.0.3.jar;C:\Users\huyle\.m2\repository\org\springframework\boot\spring-boot-data-commons\4.0.3\spring-boot-data-commons-4.0.3.jar;C:\Users\huyle\.m2\repository\org\springframework\boot\spring-boot-persistence\4.0.3\spring-boot-persistence-4.0.3.jar;C:\Users\huyle\.m2\repository\org\springframework\data\spring-data-commons\4.0.3\spring-data-commons-4.0.3.jar;C:\Users\huyle\.m2\repository\org\springframework\boot\spring-boot-hibernate\4.0.3\spring-boot-hibernate-4.0.3.jar;C:\Users\huyle\.m2\repository\org\springframework\boot\spring-boot-jpa\4.0.3\spring-boot-jpa-4.0.3.jar;C:\Users\huyle\.m2\repository\jakarta\persistence\jakarta.persistence-api\3.2.0\jakarta.persistence-api-3.2.0.jar;C:\Users\huyle\.m2\repository\org\hibernate\orm\hibernate-core\7.2.4.Final\hibernate-core-7.2.4.Final.jar;C:\Users\huyle\.m2\repository\jakarta\transaction\jakarta.transaction-api\2.0.1\jakarta.transaction-api-2.0.1.jar;C:\Users\huyle\.m2\repository\org\hibernate\models\hibernate-models\1.0.1\hibernate-models-1.0.1.jar;C:\Users\huyle\.m2\repository\org\glassfish\jaxb\jaxb-runtime\4.0.6\jaxb-runtime-4.0.6.jar;C:\Users\huyle\.m2\repository\org\glassfish\jaxb\jaxb-core\4.0.6\jaxb-core-4.0.6.jar;C:\Users\huyle\.m2\repository\org\glassfish\jaxb\txw2\4.0.6\txw2-4.0.6.jar;C:\Users\huyle\.m2\repository\com\sun\istack\istack-commons-runtime\4.1.2\istack-commons-runtime-4.1.2.jar;C:\Users\huyle\.m2\repository\jakarta\inject\jakarta.inject-api\2.0.1\jakarta.inject-api-2.0.1.jar;C:\Users\huyle\.m2\repository\org\springframework\spring-orm\7.0.5\spring-orm-7.0.5.jar;C:\Users\huyle\.m2\repository\org\springframework\data\spring-data-jpa\4.0.3\spring-data-jpa-4.0.3.jar;C:\Users\huyle\.m2\repository\org\springframework\spring-tx\7.0.5\spring-tx-7.0.5.jar;C:\Users\huyle\.m2\repository\org\antlr\antlr4-runtime\4.13.2\antlr4-runtime-4.13.2.jar;C:\Users\huyle\.m2\repository\org\springframework\spring-aspects\7.0.5\spring-aspects-7.0.5.jar;C:\Users\huyle\.m2\repository\org\aspectj\aspectjweaver\1.9.25.1\aspectjweaver-1.9.25.1.jar;C:\Users\huyle\.m2\repository\org\springframework\boot\spring-boot-jdbc\4.0.3\spring-boot-jdbc-4.0.3.jar;C:\Users\huyle\.m2\repository\org\springframework\boot\spring-boot-sql\4.0.3\spring-boot-sql-4.0.3.jar;C:\Users\huyle\.m2\repository\org\springframework\boot\spring-boot-transaction\4.0.3\spring-boot-transaction-4.0.3.jar;C:\Users\huyle\.m2\repository\org\springframework\spring-jdbc\7.0.5\spring-jdbc-7.0.5.jar;C:\Users\huyle\.m2\repository\org\springframework\boot\spring-boot-starter-security\4.0.3\spring-boot-starter-security-4.0.3.jar;C:\Users\huyle\.m2\repository\org\springframework\boot\spring-boot-security\4.0.3\spring-boot-security-4.0.3.jar;C:\Users\huyle\.m2\repository\org\springframework\security\spring-security-config\7.0.3\spring-security-config-7.0.3.jar;C:\Users\huyle\.m2\repository\org\springframework\spring-aop\7.0.5\spring-aop-7.0.5.jar;C:\Users\huyle\.m2\repository\org\springframework\spring-beans\7.0.5\spring-beans-7.0.5.jar;C:\Users\huyle\.m2\repository\org\springframework\boot\spring-boot-starter-validation\4.0.3\spring-boot-starter-validation-4.0.3.jar;C:\Users\huyle\.m2\repository\org\springframework\boot\spring-boot-validation\4.0.3\spring-boot-validation-4.0.3.jar;C:\Users\huyle\.m2\repository\org\apache\tomcat\embed\tomcat-embed-el\11.0.18\tomcat-embed-el-11.0.18.jar;C:\Users\huyle\.m2\repository\org\hibernate\validator\hibernate-validator\9.0.1.Final\hibernate-validator-9.0.1.Final.jar;C:\Users\huyle\.m2\repository\jakarta\validation\jakarta.validation-api\3.1.1\jakarta.validation-api-3.1.1.jar;C:\Users\huyle\.m2\repository\org\jboss\logging\jboss-logging\3.6.2.Final\jboss-logging-3.6.2.Final.jar;C:\Users\huyle\.m2\repository\com\fasterxml\classmate\1.7.3\classmate-1.7.3.jar;C:\Users\huyle\.m2\repository\org\springframework\boot\spring-boot-devtools\4.0.3\spring-boot-devtools-4.0.3.jar;C:\Users\huyle\.m2\repository\org\springframework\boot\spring-boot\4.0.3\spring-boot-4.0.3.jar;C:\Users\huyle\.m2\repository\org\springframework\spring-context\7.0.5\spring-context-7.0.5.jar;C:\Users\huyle\.m2\repository\org\springframework\boot\spring-boot-autoconfigure\4.0.3\spring-boot-autoconfigure-4.0.3.jar;C:\Users\huyle\.m2\repository\org\springframework\boot\spring-boot-starter-thymeleaf\4.0.3\spring-boot-starter-thymeleaf-4.0.3.jar;C:\Users\huyle\.m2\repository\org\springframework\boot\spring-boot-thymeleaf\4.0.3\spring-boot-thymeleaf-4.0.3.jar;C:\Users\huyle\.m2\repository\org\thymeleaf\thymeleaf-spring6\3.1.3.RELEASE\thymeleaf-spring6-3.1.3.RELEASE.jar;C:\Users\huyle\.m2\repository\org\thymeleaf\thymeleaf\3.1.3.RELEASE\thymeleaf-3.1.3.RELEASE.jar;C:\Users\huyle\.m2\repository\org\attoparser\attoparser\2.0.7.RELEASE\attoparser-2.0.7.RELEASE.jar;C:\Users\huyle\.m2\repository\org\unbescape\unbescape\1.1.6.RELEASE\unbescape-1.1.6.RELEASE.jar;C:\Users\huyle\.m2\repository\com\mysql\mysql-connector-j\9.6.0\mysql-connector-j-9.6.0.jar;C:\Users\huyle\.m2\repository\io\jsonwebtoken\jjwt-api\0.12.6\jjwt-api-0.12.6.jar;C:\Users\huyle\.m2\repository\io\jsonwebtoken\jjwt-impl\0.12.6\jjwt-impl-0.12.6.jar;C:\Users\huyle\.m2\repository\io\jsonwebtoken\jjwt-jackson\0.12.6\jjwt-jackson-0.12.6.jar;C:\Users\huyle\.m2\repository\com\fasterxml\jackson\core\jackson-databind\2.20.2\jackson-databind-2.20.2.jar;C:\Users\huyle\.m2\repository\com\fasterxml\jackson\core\jackson-annotations\2.20\jackson-annotations-2.20.jar;C:\Users\huyle\.m2\repository\com\fasterxml\jackson\core\jackson-core\2.20.2\jackson-core-2.20.2.jar;C:\Users\huyle\.m2\repository\org\web3j\core\4.10.3\core-4.10.3.jar;C:\Users\huyle\.m2\repository\org\web3j\abi\4.10.3\abi-4.10.3.jar;C:\Users\huyle\.m2\repository\org\web3j\utils\4.10.3\utils-4.10.3.jar;C:\Users\huyle\.m2\repository\org\bouncycastle\bcprov-jdk18on\1.73\bcprov-jdk18on-1.73.jar;C:\Users\huyle\.m2\repository\org\web3j\crypto\4.10.3\crypto-4.10.3.jar;C:\Users\huyle\.m2\repository\org\web3j\rlp\4.10.3\rlp-4.10.3.jar;C:\Users\huyle\.m2\repository\org\web3j\tuples\4.10.3\tuples-4.10.3.jar;C:\Users\huyle\.m2\repository\com\github\jnr\jnr-unixsocket\0.38.17\jnr-unixsocket-0.38.17.jar;C:\Users\huyle\.m2\repository\com\github\jnr\jnr-ffi\2.2.11\jnr-ffi-2.2.11.jar;C:\Users\huyle\.m2\repository\com\github\jnr\jffi\1.3.9\jffi-1.3.9.jar;C:\Users\huyle\.m2\repository\com\github\jnr\jffi\1.3.9\jffi-1.3.9-native.jar;C:\Users\huyle\.m2\repository\org\ow2\asm\asm\9.2\asm-9.2.jar;C:\Users\huyle\.m2\repository\org\ow2\asm\asm-commons\9.2\asm-commons-9.2.jar;C:\Users\huyle\.m2\repository\org\ow2\asm\asm-analysis\9.2\asm-analysis-9.2.jar;C:\Users\huyle\.m2\repository\org\ow2\asm\asm-tree\9.2\asm-tree-9.2.jar;C:\Users\huyle\.m2\repository\org\ow2\asm\asm-util\9.2\asm-util-9.2.jar;C:\Users\huyle\.m2\repository\com\github\jnr\jnr-a64asm\1.0.0\jnr-a64asm-1.0.0.jar;C:\Users\huyle\.m2\repository\com\github\jnr\jnr-x86asm\1.0.2\jnr-x86asm-1.0.2.jar;C:\Users\huyle\.m2\repository\com\github\jnr\jnr-constants\0.10.3\jnr-constants-0.10.3.jar;C:\Users\huyle\.m2\repository\com\github\jnr\jnr-enxio\0.32.13\jnr-enxio-0.32.13.jar;C:\Users\huyle\.m2\repository\com\github\jnr\jnr-posix\3.1.15\jnr-posix-3.1.15.jar;C:\Users\huyle\.m2\repository\com\squareup\okhttp3\okhttp\4.9.0\okhttp-4.9.0.jar;C:\Users\huyle\.m2\repository\com\squareup\okio\okio\2.8.0\okio-2.8.0.jar;C:\Users\huyle\.m2\repository\org\jetbrains\kotlin\kotlin-stdlib-common\1.4.0\kotlin-stdlib-common-1.4.0.jar;C:\Users\huyle\.m2\repository\org\jetbrains\kotlin\kotlin-stdlib\2.2.21\kotlin-stdlib-2.2.21.jar;C:\Users\huyle\.m2\repository\org\jetbrains\annotations\13.0\annotations-13.0.jar;C:\Users\huyle\.m2\repository\com\squareup\okhttp3\logging-interceptor\4.9.0\logging-interceptor-4.9.0.jar;C:\Users\huyle\.m2\repository\org\jetbrains\kotlin\kotlin-stdlib-jdk8\2.2.21\kotlin-stdlib-jdk8-2.2.21.jar;C:\Users\huyle\.m2\repository\org\jetbrains\kotlin\kotlin-stdlib-jdk7\2.2.21\kotlin-stdlib-jdk7-2.2.21.jar;C:\Users\huyle\.m2\repository\io\reactivex\rxjava2\rxjava\2.2.2\rxjava-2.2.2.jar;C:\Users\huyle\.m2\repository\org\reactivestreams\reactive-streams\1.0.4\reactive-streams-1.0.4.jar;C:\Users\huyle\.m2\repository\org\java-websocket\Java-WebSocket\1.5.3\Java-WebSocket-1.5.3.jar;C:\Users\huyle\.m2\repository\org\slf4j\slf4j-api\2.0.17\slf4j-api-2.0.17.jar;C:\Users\huyle\.m2\repository\io\github\adraffy\ens-normalize\0.1.2\ens-normalize-0.1.2.jar;C:\Users\huyle\.m2\repository\org\projectlombok\lombok\1.18.42\lombok-1.18.42.jar;C:\Users\huyle\.m2\repository\jakarta\xml\bind\jakarta.xml.bind-api\4.0.4\jakarta.xml.bind-api-4.0.4.jar;C:\Users\huyle\.m2\repository\jakarta\activation\jakarta.activation-api\2.1.4\jakarta.activation-api-2.1.4.jar;C:\Users\huyle\.m2\repository\net\bytebuddy\byte-buddy\1.17.8\byte-buddy-1.17.8.jar;C:\Users\huyle\.m2\repository\org\springframework\spring-core\7.0.5\spring-core-7.0.5.jar;C:\Users\huyle\.m2\repository\commons-logging\commons-logging\1.3.5\commons-logging-1.3.5.jar;C:\Users\huyle\.m2\repository\org\jspecify\jspecify\1.0.0\jspecify-1.0.0.jar;C:\Users\huyle\.m2\repository\org\springframework\security\spring-security-core\7.0.3\spring-security-core-7.0.3.jar;C:\Users\huyle\.m2\repository\org\springframework\security\spring-security-crypto\7.0.3\spring-security-crypto-7.0.3.jar;C:\Users\huyle\.m2\repository\org\springframework\spring-expression\7.0.5\spring-expression-7.0.5.jar;C:\Users\huyle\.m2\repository\io\micrometer\micrometer-observation\1.16.3\micrometer-observation-1.16.3.jar;C:\Users\huyle\.m2\repository\io\micrometer\micrometer-commons\1.16.3\micrometer-commons-1.16.3.jar;C:\Users\huyle\.m2\repository\org\springframework\security\spring-security-web\7.0.3\spring-security-web-7.0.3.jar;C:\Users\huyle\.m2\repository\org\springframework\boot\spring-boot-starter-webmvc\4.0.3\spring-boot-starter-webmvc-4.0.3.jar;C:\Users\huyle\.m2\repository\org\apache\poi\poi-ooxml\5.2.3\poi-ooxml-5.2.3.jar;C:\Users\huyle\.m2\repository\org\apache\poi\poi\5.2.3\poi-5.2.3.jar;C:\Users\huyle\.m2\repository\commons-codec\commons-codec\1.19.0\commons-codec-1.19.0.jar;C:\Users\huyle\.m2\repository\org\apache\commons\commons-math3\3.6.1\commons-math3-3.6.1.jar;C:\Users\huyle\.m2\repository\com\zaxxer\SparseBitSet\1.2\SparseBitSet-1.2.jar;C:\Users\huyle\.m2\repository\org\apache\poi\poi-ooxml-lite\5.2.3\poi-ooxml-lite-5.2.3.jar;C:\Users\huyle\.m2\repository\org\apache\xmlbeans\xmlbeans\5.1.1\xmlbeans-5.1.1.jar;C:\Users\huyle\.m2\repository\org\apache\commons\commons-compress\1.21\commons-compress-1.21.jar;C:\Users\huyle\.m2\repository\commons-io\commons-io\2.11.0\commons-io-2.11.0.jar;C:\Users\huyle\.m2\repository\com\github\virtuald\curvesapi\1.07\curvesapi-1.07.jar;C:\Users\huyle\.m2\repository\org\apache\logging\log4j\log4j-api\2.25.3\log4j-api-2.25.3.jar;C:\Users\huyle\.m2\repository\org\apache\commons\commons-collections4\4.4\commons-collections4-4.4.jar;C:\Users\huyle\.m2\repository\org\xhtmlrenderer\flying-saucer-pdf-openpdf\9.1.22\flying-saucer-pdf-openpdf-9.1.22.jar;C:\Users\huyle\.m2\repository\com\github\librepdf\openpdf\1.3.11\openpdf-1.3.11.jar;C:\Users\huyle\.m2\repository\com\github\albfernandez\juniversalchardet\2.3.0\juniversalchardet-2.3.0.jar;C:\Users\huyle\.m2\repository\org\xhtmlrenderer\flying-saucer-core\9.1.22\flying-saucer-core-9.1.22.jar;C:\Users\huyle\.m2\repository\com\google\zxing\core\3.5.3\core-3.5.3.jar;C:\Users\huyle\.m2\repository\com\google\zxing\javase\3.5.3\javase-3.5.3.jar;C:\Users\huyle\.m2\repository\com\beust\jcommander\1.82\jcommander-1.82.jar;C:\Users\huyle\.m2\repository\com\github\jai-imageio\jai-imageio-core\1.4.0\jai-imageio-core-1.4.0.jar;C:\Users\huyle\.m2\repository\org\springframework\boot\spring-boot-starter-mail\4.0.3\spring-boot-starter-mail-4.0.3.jar;C:\Users\huyle\.m2\repository\org\springframework\boot\spring-boot-mail\4.0.3\spring-boot-mail-4.0.3.jar;C:\Users\huyle\.m2\repository\org\springframework\spring-context-support\7.0.5\spring-context-support-7.0.5.jar;C:\Users\huyle\.m2\repository\jakarta\mail\jakarta.mail-api\2.1.5\jakarta.mail-api-2.1.5.jar;C:\Users\huyle\.m2\repository\org\eclipse\angus\angus-mail\2.0.5\angus-mail-2.0.5.jar;C:\Users\huyle\.m2\repository\org\eclipse\angus\angus-activation\2.0.3\angus-activation-2.0.3.jar;C:\Users\huyle\.m2\repository\org\springframework\boot\spring-boot-starter-data-redis\4.0.3\spring-boot-starter-data-redis-4.0.3.jar;C:\Users\huyle\.m2\repository\org\springframework\boot\spring-boot-data-redis\4.0.3\spring-boot-data-redis-4.0.3.jar;C:\Users\huyle\.m2\repository\io\lettuce\lettuce-core\6.8.2.RELEASE\lettuce-core-6.8.2.RELEASE.jar;C:\Users\huyle\.m2\repository\redis\clients\authentication\redis-authx-core\0.1.1-beta2\redis-authx-core-0.1.1-beta2.jar;C:\Users\huyle\.m2\repository\io\netty\netty-common\4.2.10.Final\netty-common-4.2.10.Final.jar;C:\Users\huyle\.m2\repository\io\netty\netty-handler\4.2.10.Final\netty-handler-4.2.10.Final.jar;C:\Users\huyle\.m2\repository\io\netty\netty-resolver\4.2.10.Final\netty-resolver-4.2.10.Final.jar;C:\Users\huyle\.m2\repository\io\netty\netty-buffer\4.2.10.Final\netty-buffer-4.2.10.Final.jar;C:\Users\huyle\.m2\repository\io\netty\netty-transport-native-unix-common\4.2.10.Final\netty-transport-native-unix-common-4.2.10.Final.jar;C:\Users\huyle\.m2\repository\io\netty\netty-codec-base\4.2.10.Final\netty-codec-base-4.2.10.Final.jar;C:\Users\huyle\.m2\repository\io\netty\netty-transport\4.2.10.Final\netty-transport-4.2.10.Final.jar;C:\Users\huyle\.m2\repository\io\projectreactor\reactor-core\3.8.3\reactor-core-3.8.3.jar;C:\Users\huyle\.m2\repository\io\netty\netty-resolver-dns\4.2.10.Final\netty-resolver-dns-4.2.10.Final.jar;C:\Users\huyle\.m2\repository\io\netty\netty-codec-dns\4.2.10.Final\netty-codec-dns-4.2.10.Final.jar;C:\Users\huyle\.m2\repository\org\springframework\data\spring-data-redis\4.0.3\spring-data-redis-4.0.3.jar;C:\Users\huyle\.m2\repository\org\springframework\data\spring-data-keyvalue\4.0.3\spring-data-keyvalue-4.0.3.jar;C:\Users\huyle\.m2\repository\org\springframework\spring-oxm\7.0.5\spring-oxm-7.0.5.jar;C:\Users\huyle\.m2\repository\org\springframework\boot\spring-boot-netty\4.0.3\spring-boot-netty-4.0.3.jar
Launcher Type: SUN_STANDARD

[Global flags]
     intx CICompilerCount                          = 3                                         {product} {ergonomic}
     uint ConcGCThreads                            = 1                                         {product} {ergonomic}
     uint G1ConcRefinementThreads                  = 4                                         {product} {ergonomic}
   size_t G1HeapRegionSize                         = 2097152                                   {product} {ergonomic}
   size_t InitialHeapSize                          = 199229440                                 {product} {ergonomic}
     bool ManagementServer                         = true                                      {product} {command line}
   size_t MarkStackSize                            = 4194304                                   {product} {ergonomic}
   size_t MarkStackSizeMax                         = 536870912                                 {product} {ergonomic}
   size_t MaxHeapSize                              = 3187671040                                {product} {ergonomic}
   size_t MaxNewSize                               = 1912602624                                {product} {ergonomic}
   size_t MinHeapDeltaBytes                        = 2097152                                   {product} {ergonomic}
   size_t MinHeapSize                              = 8388608                                   {product} {ergonomic}
    uintx NonNMethodCodeHeapSize                   = 4096                                   {pd product} {ergonomic}
    uintx NonProfiledCodeHeapSize                  = 0                                      {pd product} {ergonomic}
     bool ProfileInterpreter                       = false                                  {pd product} {command line}
    uintx ProfiledCodeHeapSize                     = 0                                      {pd product} {ergonomic}
   size_t SoftMaxHeapSize                          = 3187671040                             {manageable} {ergonomic}
     intx TieredStopAtLevel                        = 1                                         {product} {command line}
     bool UseCompressedOops                        = true                           {product lp64_product} {ergonomic}
     bool UseG1GC                                  = true                                      {product} {ergonomic}
     bool UseLargePagesIndividualAllocation        = false                                  {pd product} {ergonomic}

Logging:
Log output configuration:
 #0: stdout all=warning uptime,level,tags foldmultilines=false
 #1: stderr all=off uptime,level,tags foldmultilines=false

Environment Variables:
PATH=C:\Program Files\Common Files\Oracle\Java\javapath;C:\MinGW\bin;C:\Program Files\Git\cmd;C:\Program Files\MySQL\MySQL Server 8.0\bin;C:\Windows\System32;C:\Windows\System32\Wben;C:\Program Files\Cloudflare\Cloudflare WARP\;D:\Program File\nodejs\;C:\Program Files (x86)\Microsoft SQL Server\170\Tools\Binn\;C:\Program Files\Microsoft SQL Server\170\Tools\Binn\;C:\Program Files\Microsoft SQL Server\Client SDK\ODBC\180\Tools\Binn\;C:\Program Files\Microsoft SQL Server\170\DTS\Binn\;C:\Program Files\MySQL\MySQL Server 8.0\bin;C:\Users\huyle\AppData\Local\Programs\Python\Python313\Scripts\;C:\Users\huyle\AppData\Local\Programs\Python\Python313\;C:\MinGW\bin;C:\Users\huyle\AppData\Local\Programs\Microsoft VS Code\bin;C:\Program Files\JetBrains\IntelliJ IDEA 2025.2\bin;C:\Users\huyle\AppData\Roaming\npm
USERNAME=huyle
OS=Windows_NT
PROCESSOR_IDENTIFIER=Intel64 Family 6 Model 142 Stepping 9, GenuineIntel
TMP=C:\Users\huyle\AppData\Local\Temp
TEMP=C:\Users\huyle\AppData\Local\Temp




Periodic native trim disabled

---------------  S Y S T E M  ---------------

OS:
 Windows 11 , 64 bit Build 26100 (10.0.26100.7920)
OS uptime: 7 days 2:51 hours
Hyper-V role detected

CPU: total 4 (initial active 4) (2 cores per cpu, 2 threads per core) family 6 model 142 stepping 9 microcode 0xde, cx8, cmov, fxsr, ht, mmx, 3dnowpref, sse, sse2, sse3, ssse3, sse4.1, sse4.2, popcnt, lzcnt, tsc, tscinvbit, avx, avx2, aes, erms, clmul, bmi1, bmi2, adx, fma, vzeroupper, clflush, clflushopt, hv, rdtscp, f16c
Processor Information for the first 4 processors :
  Max Mhz: 2701, Current Mhz: 2500, Mhz Limit: 2484

Memory: 4k page, system-wide physical 12153M (673M free)
TotalPageFile size 23285M (AvailPageFile size 37M)
current process WorkingSet (physical memory assigned to process): 290M, peak: 290M
current process commit charge ("private bytes"): 325M, peak: 365M

vm_info: OpenJDK 64-Bit Server VM (24.0.2+12-54) for windows-amd64 JRE (24.0.2+12-54), built on 2025-07-08T12:10:27Z with MS VC++ 17.6 (VS2022)

END.
