#
# There is insufficient memory for the Java Runtime Environment to continue.
# Native memory allocation (mmap) failed to map 67108864 bytes. Error detail: G1 virtual space
# Possible reasons:
#   The system is out of physical RAM or swap space
#   This process is running with CompressedOops enabled, and the Java Heap may be blocking the growth of the native heap
# Possible solutions:
#   Reduce memory load on the system
#   Increase physical memory or swap space
#   Check if swap backing store is full
#   Decrease Java heap size (-Xmx/-Xms)
#   Decrease number of Java threads
#   Decrease Java thread stack sizes (-Xss)
#   Set larger code cache with -XX:ReservedCodeCacheSize=
#   JVM is running with Zero Based Compressed Oops mode in which the Java heap is
#     placed in the first 32GB address space. The Java Heap base address is the
#     maximum limit for the native heap growth. Please use -XX:HeapBaseMinAddress
#     to set the Java Heap base and to place the Java Heap above 32GB virtual address.
# This output file may be truncated or incomplete.
#
#  Out of Memory Error (os_windows.cpp:3564), pid=14632, tid=21484
#
# JRE version: OpenJDK Runtime Environment (24.0.2+12) (build 24.0.2+12-54)
# Java VM: OpenJDK 64-Bit Server VM (24.0.2+12-54, mixed mode, emulated-client, sharing, tiered, compressed oops, compressed class ptrs, g1 gc, windows-amd64)
# No core dump will be written. Minidumps are not enabled by default on client versions of Windows
#

---------------  S U M M A R Y ------------

Command Line: -XX:TieredStopAtLevel=1 -Dspring.output.ansi.enabled=always -Dcom.sun.management.jmxremote -Dspring.jmx.enabled=true -Dspring.liveBeansView.mbeanDomain -Dspring.application.admin.enabled=true -Dmanagement.endpoints.jmx.exposure.include=* -javaagent:C:\Program Files\JetBrains\IntelliJ IDEA 2025.2\lib\idea_rt.jar=62638 -Dfile.encoding=UTF-8 -Dsun.stdout.encoding=UTF-8 -Dsun.stderr.encoding=UTF-8 com.certificate.backend.BackendApplication

Host: Intel(R) Core(TM) i5-7200U CPU @ 2.50GHz, 4 cores, 11G,  Windows 11 , 64 bit Build 26100 (10.0.26100.7920)
Time: Thu May 21 17:49:01 2026 SE Asia Standard Time elapsed time: 16.655905 seconds (0d 0h 0m 16s)

---------------  T H R E A D  ---------------

Current thread (0x0000026d6c380540):  VMThread "VM Thread"          [id=21484, stack(0x0000007ad3400000,0x0000007ad3500000) (1024K)]

Stack: [0x0000007ad3400000,0x0000007ad3500000]
Native frames: (J=compiled Java code, j=interpreted, Vv=VM code, C=native code)
V  [jvm.dll+0x730829]  (no source info available)
V  [jvm.dll+0x8d9da3]  (no source info available)
V  [jvm.dll+0x8dc28d]  (no source info available)
V  [jvm.dll+0x8dc903]  (no source info available)
V  [jvm.dll+0x2a9f56]  (no source info available)
V  [jvm.dll+0x72cd55]  (no source info available)
V  [jvm.dll+0x72066a]  (no source info available)
V  [jvm.dll+0x390b7a]  (no source info available)
V  [jvm.dll+0x398906]  (no source info available)
V  [jvm.dll+0x3850de]  (no source info available)
V  [jvm.dll+0x385398]  (no source info available)
V  [jvm.dll+0x35d10c]  (no source info available)
V  [jvm.dll+0x35d19a]  (no source info available)
V  [jvm.dll+0x3aa602]  (no source info available)
V  [jvm.dll+0x3a8c32]  (no source info available)
V  [jvm.dll+0x35c8d7]  (no source info available)
V  [jvm.dll+0x3a83e4]  (no source info available)
V  [jvm.dll+0x8e29c2]  (no source info available)
V  [jvm.dll+0x8e3d0c]  (no source info available)
V  [jvm.dll+0x8e4278]  (no source info available)
V  [jvm.dll+0x8e4513]  (no source info available)
V  [jvm.dll+0x87d9eb]  (no source info available)
V  [jvm.dll+0x72ef45]  (no source info available)
C  [ucrtbase.dll+0x37b0]  (no source info available)
C  [KERNEL32.DLL+0x2e8d7]  (no source info available)
C  [ntdll.dll+0x8c48c]  (no source info available)

VM_Operation (0x0000007ad46f7140): G1CollectForAllocation, mode: safepoint, requested by thread 0x0000026d46424680


---------------  P R O C E S S  ---------------

Threads class SMR info:
_java_thread_list=0x0000026d4c6628d0, length=25, elements={
0x0000026d5aafd800, 0x0000026d6c393020, 0x0000026d6c395b60, 0x0000026d6c39f510,
0x0000026d6c3a3c70, 0x0000026d6c3a83c0, 0x0000026d6c3a8b00, 0x0000026d6c3a9240,
0x0000026d450c4c00, 0x0000026d450c5390, 0x0000026d45104c60, 0x0000026d458f5f20,
0x0000026d458f6660, 0x0000026d46204400, 0x0000026d46421f30, 0x0000026d46424680,
0x0000026d45b70cd0, 0x0000026d45b6fe30, 0x0000026d45b70580, 0x0000026d45b6e0f0,
0x0000026d45b6e840, 0x0000026d45b6ef90, 0x0000026d45b6f6e0, 0x0000026d4c64b700,
0x0000026d4c64d440
}

Java Threads: ( => current thread )
  0x0000026d5aafd800 JavaThread "main"                              [_thread_blocked, id=17076, stack(0x0000007ad2d00000,0x0000007ad2e00000) (1024K)]
  0x0000026d6c393020 JavaThread "Reference Handler"          daemon [_thread_blocked, id=22444, stack(0x0000007ad3500000,0x0000007ad3600000) (1024K)]
  0x0000026d6c395b60 JavaThread "Finalizer"                  daemon [_thread_blocked, id=27832, stack(0x0000007ad3600000,0x0000007ad3700000) (1024K)]
  0x0000026d6c39f510 JavaThread "Signal Dispatcher"          daemon [_thread_blocked, id=15328, stack(0x0000007ad3700000,0x0000007ad3800000) (1024K)]
  0x0000026d6c3a3c70 JavaThread "Attach Listener"            daemon [_thread_blocked, id=23024, stack(0x0000007ad3800000,0x0000007ad3900000) (1024K)]
  0x0000026d6c3a83c0 JavaThread "Service Thread"             daemon [_thread_blocked, id=19568, stack(0x0000007ad3900000,0x0000007ad3a00000) (1024K)]
  0x0000026d6c3a8b00 JavaThread "Monitor Deflation Thread"   daemon [_thread_blocked, id=11732, stack(0x0000007ad3a00000,0x0000007ad3b00000) (1024K)]
  0x0000026d6c3a9240 JavaThread "C1 CompilerThread0"         daemon [_thread_blocked, id=11988, stack(0x0000007ad3b00000,0x0000007ad3c00000) (1024K)]
  0x0000026d450c4c00 JavaThread "C1 CompilerThread1"         daemon [_thread_blocked, id=22620, stack(0x0000007ad3c00000,0x0000007ad3d00000) (1024K)]
  0x0000026d450c5390 JavaThread "C1 CompilerThread2"         daemon [_thread_blocked, id=24112, stack(0x0000007ad3d00000,0x0000007ad3e00000) (1024K)]
  0x0000026d45104c60 JavaThread "Common-Cleaner"             daemon [_thread_blocked, id=17120, stack(0x0000007ad3e00000,0x0000007ad3f00000) (1024K)]
  0x0000026d458f5f20 JavaThread "Monitor Ctrl-Break"         daemon [_thread_in_native, id=68, stack(0x0000007ad3f00000,0x0000007ad4000000) (1024K)]
  0x0000026d458f6660 JavaThread "Notification Thread"        daemon [_thread_blocked, id=19360, stack(0x0000007ad4000000,0x0000007ad4100000) (1024K)]
  0x0000026d46204400 JavaThread "RMI TCP Accept-0"           daemon [_thread_in_native, id=20056, stack(0x0000007ad4100000,0x0000007ad4200000) (1024K)]
  0x0000026d46421f30 JavaThread "Thread-0"                          [_thread_blocked, id=24560, stack(0x0000007ad4500000,0x0000007ad4600000) (1024K)]
  0x0000026d46424680 JavaThread "restartedMain"                     [_thread_blocked, id=19560, stack(0x0000007ad4600000,0x0000007ad4700000) (1024K)]
  0x0000026d45b70cd0 JavaThread "mysql-cj-abandoned-connection-cleanup" daemon [_thread_blocked, id=14720, stack(0x0000007ad4700000,0x0000007ad4800000) (1024K)]
  0x0000026d45b6fe30 JavaThread "HikariPool-1:housekeeper"   daemon [_thread_blocked, id=9208, stack(0x0000007ad4900000,0x0000007ad4a00000) (1024K)]
  0x0000026d45b70580 JavaThread "Catalina-utility-1"                [_thread_blocked, id=24504, stack(0x0000007ad4b00000,0x0000007ad4c00000) (1024K)]
  0x0000026d45b6e0f0 JavaThread "Catalina-utility-2"                [_thread_blocked, id=17192, stack(0x0000007ad4c00000,0x0000007ad4d00000) (1024K)]
  0x0000026d45b6e840 JavaThread "container-0"                       [_thread_blocked, id=18808, stack(0x0000007ad4d00000,0x0000007ad4e00000) (1024K)]
  0x0000026d45b6ef90 JavaThread "Jndi-Dns-address-change-listener" daemon [_thread_in_native, id=8980, stack(0x0000007ad4e00000,0x0000007ad4f00000) (1024K)]
  0x0000026d45b6f6e0 JavaThread "lettuce-timer-3-1"          daemon [_thread_blocked, id=27524, stack(0x0000007ad4f00000,0x0000007ad5000000) (1024K)]
  0x0000026d4c64b700 JavaThread "RxSchedulerPurge-1"         daemon [_thread_blocked, id=17412, stack(0x0000007ad5000000,0x0000007ad5100000) (1024K)]
  0x0000026d4c64d440 JavaThread "RxCachedWorkerPoolEvictor-1" daemon [_thread_blocked, id=6332, stack(0x0000007ad5100000,0x0000007ad5200000) (1024K)]
Total: 25

Other Threads:
=>0x0000026d6c380540 VMThread "VM Thread"                           [id=21484, stack(0x0000007ad3400000,0x0000007ad3500000) (1024K)]
  0x0000026d6c372c50 WatcherThread "VM Periodic Task Thread"        [id=10512, stack(0x0000007ad3300000,0x0000007ad3400000) (1024K)]
  0x0000026d5ab51680 WorkerThread "GC Thread#0"                     [id=20384, stack(0x0000007ad2e00000,0x0000007ad2f00000) (1024K)]
  0x0000026d461f8310 WorkerThread "GC Thread#1"                     [id=15584, stack(0x0000007ad4200000,0x0000007ad4300000) (1024K)]
  0x0000026d461f86c0 WorkerThread "GC Thread#2"                     [id=21532, stack(0x0000007ad4300000,0x0000007ad4400000) (1024K)]
  0x0000026d461e8680 WorkerThread "GC Thread#3"                     [id=7968, stack(0x0000007ad4400000,0x0000007ad4500000) (1024K)]
  0x0000026d5894e870 ConcurrentGCThread "G1 Main Marker"            [id=23704, stack(0x0000007ad2f00000,0x0000007ad3000000) (1024K)]
  0x0000026d5ab5ef40 WorkerThread "G1 Conc#0"                       [id=9592, stack(0x0000007ad3000000,0x0000007ad3100000) (1024K)]
  0x0000026d5ab9e660 ConcurrentGCThread "G1 Refine#0"               [id=14504, stack(0x0000007ad3100000,0x0000007ad3200000) (1024K)]
  0x0000026d6c241190 ConcurrentGCThread "G1 Service"                [id=19056, stack(0x0000007ad3200000,0x0000007ad3300000) (1024K)]
Total: 10

Threads with active compile tasks:
Total: 0

VM state: at safepoint (normal execution)

VM Mutex/Monitor currently owned by a thread:  ([mutex/lock_event])
[0x00007ffb097c44f0] Threads_lock - owner thread: 0x0000026d6c380540
[0x00007ffb097c45f0] Heap_lock - owner thread: 0x0000026d46424680

Heap address: 0x0000000742000000, size: 3040 MB, Compressed Oops mode: Zero based, Oop shift amount: 3

CDS archive(s) mapped at: [0x0000026d00000000-0x0000026d00d40000-0x0000026d00d40000), size 13893632, SharedBaseAddress: 0x0000026d00000000, ArchiveRelocationMode: 1.
Compressed class space mapped at: 0x0000026d01000000-0x0000026d41000000, reserved size: 1073741824
UseCompressedClassPointers 1, UseCompactObjectHeaders 0
Narrow klass pointer bits 32, Max shift 3
Narrow klass base: 0x0000026d00000000, Narrow klass shift: 0
Encoding Range: [0x0000026d00000000 - 0x0000026e00000000), (4294967296 bytes)
Klass Range:    [0x0000026d00000000 - 0x0000026d41000000), (1090519040 bytes)
Klass ID Range:  [8 - 1090519033) (1090519025)

GC Precious Log:
 CardTable entry size: 512
 Card Set container configuration: InlinePtr #cards 4 size 8 Array Of Cards #cards 16 size 48 Howl #buckets 8 coarsen threshold 3686 Howl Bitmap #cards 512 size 80 coarsen threshold 460 Card regions per heap region 1 cards per card region 4096
 CPUs: 4 total, 4 available
 Memory: 12153M
 Large Page Support: Disabled
 NUMA Support: Disabled
 Compressed Oops: Enabled (Zero based)
 Heap Region Size: 2M
 Heap Min Capacity: 8M
 Heap Initial Capacity: 190M
 Heap Max Capacity: 3040M
 Pre-touch: Disabled
 Parallel Workers: 4
 Concurrent Workers: 1
 Concurrent Refinement Workers: 4
 Periodic GC: Disabled

Heap:
 garbage-first heap   total reserved 3112960K, committed 133120K, used 87881K [0x0000000742000000, 0x0000000800000000)
  region size 2048K, 2 young (4096K), 2 survivors (4096K)
 Metaspace       used 93404K, committed 93952K, reserved 1179648K
  class space    used 10937K, committed 11136K, reserved 1048576K

Heap Regions: E=young(eden), S=young(survivor), O=old, HS=humongous(starts), HC=humongous(continues), CS=collection set, F=free, TAMS=top-at-mark-start, PB=parsable bottom
|   0|0x0000000742000000, 0x0000000742200000, 0x0000000742200000|100%| O|  |TAMS 0x0000000742000000| PB 0x0000000742000000| Untracked |  0
|   1|0x0000000742200000, 0x0000000742400000, 0x0000000742400000|100%| O|  |TAMS 0x0000000742200000| PB 0x0000000742200000| Untracked |  0
|   2|0x0000000742400000, 0x0000000742600000, 0x0000000742600000|100%| O|  |TAMS 0x0000000742400000| PB 0x0000000742400000| Untracked |  0
|   3|0x0000000742600000, 0x0000000742800000, 0x0000000742800000|100%| O|  |TAMS 0x0000000742600000| PB 0x0000000742600000| Untracked |  0
|   4|0x0000000742800000, 0x0000000742a00000, 0x0000000742a00000|100%| O|  |TAMS 0x0000000742800000| PB 0x0000000742800000| Untracked |  0
|   5|0x0000000742a00000, 0x0000000742c00000, 0x0000000742c00000|100%| O|  |TAMS 0x0000000742a00000| PB 0x0000000742a00000| Untracked |  0
|   6|0x0000000742c00000, 0x0000000742e00000, 0x0000000742e00000|100%| O|  |TAMS 0x0000000742c00000| PB 0x0000000742c00000| Untracked |  0
|   7|0x0000000742e00000, 0x0000000743000000, 0x0000000743000000|100%| O|  |TAMS 0x0000000742e00000| PB 0x0000000742e00000| Untracked |  0
|   8|0x0000000743000000, 0x0000000743200000, 0x0000000743200000|100%| O|  |TAMS 0x0000000743000000| PB 0x0000000743000000| Untracked |  0
|   9|0x0000000743200000, 0x0000000743400000, 0x0000000743400000|100%| O|  |TAMS 0x0000000743200000| PB 0x0000000743200000| Untracked |  0
|  10|0x0000000743400000, 0x0000000743600000, 0x0000000743600000|100%| O|  |TAMS 0x0000000743400000| PB 0x0000000743400000| Untracked |  0
|  11|0x0000000743600000, 0x0000000743800000, 0x0000000743800000|100%| O|  |TAMS 0x0000000743600000| PB 0x0000000743600000| Untracked |  0
|  12|0x0000000743800000, 0x0000000743a00000, 0x0000000743a00000|100%| O|  |TAMS 0x0000000743800000| PB 0x0000000743800000| Untracked |  0
|  13|0x0000000743a00000, 0x0000000743c00000, 0x0000000743c00000|100%| O|  |TAMS 0x0000000743a00000| PB 0x0000000743a00000| Untracked |  0
|  14|0x0000000743c00000, 0x0000000743e00000, 0x0000000743e00000|100%| O|  |TAMS 0x0000000743c00000| PB 0x0000000743c00000| Untracked |  0
|  15|0x0000000743e00000, 0x0000000744000000, 0x0000000744000000|100%| O|  |TAMS 0x0000000743e00000| PB 0x0000000743e00000| Untracked |  0
|  16|0x0000000744000000, 0x0000000744200000, 0x0000000744200000|100%| O|  |TAMS 0x0000000744000000| PB 0x0000000744000000| Untracked |  0
|  17|0x0000000744200000, 0x0000000744400000, 0x0000000744400000|100%| O|  |TAMS 0x0000000744200000| PB 0x0000000744200000| Untracked |  0
|  18|0x0000000744400000, 0x0000000744600000, 0x0000000744600000|100%| O|  |TAMS 0x0000000744400000| PB 0x0000000744400000| Untracked |  0
|  19|0x0000000744600000, 0x0000000744800000, 0x0000000744800000|100%| O|  |TAMS 0x0000000744600000| PB 0x0000000744600000| Untracked |  0
|  20|0x0000000744800000, 0x0000000744a00000, 0x0000000744a00000|100%| O|  |TAMS 0x0000000744800000| PB 0x0000000744800000| Untracked |  0
|  21|0x0000000744a00000, 0x0000000744c00000, 0x0000000744c00000|100%| O|  |TAMS 0x0000000744a00000| PB 0x0000000744a00000| Untracked |  0
|  22|0x0000000744c00000, 0x0000000744e00000, 0x0000000744e00000|100%| O|  |TAMS 0x0000000744c00000| PB 0x0000000744c00000| Untracked |  0
|  23|0x0000000744e00000, 0x0000000745000000, 0x0000000745000000|100%| O|  |TAMS 0x0000000744e00000| PB 0x0000000744e00000| Untracked |  0
|  24|0x0000000745000000, 0x0000000745200000, 0x0000000745200000|100%| O|  |TAMS 0x0000000745000000| PB 0x0000000745000000| Untracked |  0
|  25|0x0000000745200000, 0x0000000745400000, 0x0000000745400000|100%| O|  |TAMS 0x0000000745200000| PB 0x0000000745200000| Untracked |  0
|  26|0x0000000745400000, 0x0000000745600000, 0x0000000745600000|100%| O|  |TAMS 0x0000000745400000| PB 0x0000000745400000| Untracked |  0
|  27|0x0000000745600000, 0x0000000745600000, 0x0000000745800000|  0%| F|  |TAMS 0x0000000745600000| PB 0x0000000745600000| Untracked |  0
|  28|0x0000000745800000, 0x0000000745a00000, 0x0000000745a00000|100%| O|  |TAMS 0x0000000745800000| PB 0x0000000745800000| Untracked |  0
|  29|0x0000000745a00000, 0x0000000745c00000, 0x0000000745c00000|100%| O|  |TAMS 0x0000000745a00000| PB 0x0000000745a00000| Untracked |  0
|  30|0x0000000745c00000, 0x0000000745e00000, 0x0000000745e00000|100%| O|  |TAMS 0x0000000745c00000| PB 0x0000000745c00000| Untracked |  0
|  31|0x0000000745e00000, 0x0000000746000000, 0x0000000746000000|100%| O|  |TAMS 0x0000000745e00000| PB 0x0000000745e00000| Untracked |  0
|  32|0x0000000746000000, 0x0000000746200000, 0x0000000746200000|100%| O|  |TAMS 0x0000000746000000| PB 0x0000000746000000| Untracked |  0
|  33|0x0000000746200000, 0x0000000746400000, 0x0000000746400000|100%| O|  |TAMS 0x0000000746200000| PB 0x0000000746200000| Untracked |  0
|  34|0x0000000746400000, 0x0000000746600000, 0x0000000746600000|100%| O|  |TAMS 0x0000000746400000| PB 0x0000000746400000| Untracked |  0
|  35|0x0000000746600000, 0x0000000746800000, 0x0000000746800000|100%| O|  |TAMS 0x0000000746600000| PB 0x0000000746600000| Untracked |  0
|  36|0x0000000746800000, 0x0000000746a00000, 0x0000000746a00000|100%| O|  |TAMS 0x0000000746800000| PB 0x0000000746800000| Untracked |  0
|  37|0x0000000746a00000, 0x0000000746c00000, 0x0000000746c00000|100%| O|  |TAMS 0x0000000746a00000| PB 0x0000000746a00000| Untracked |  0
|  38|0x0000000746c00000, 0x0000000746e00000, 0x0000000746e00000|100%| O|  |TAMS 0x0000000746c00000| PB 0x0000000746c00000| Untracked |  0
|  39|0x0000000746e00000, 0x0000000747000000, 0x0000000747000000|100%| O|  |TAMS 0x0000000746e00000| PB 0x0000000746e00000| Untracked |  0
|  40|0x0000000747000000, 0x00000007471d24b0, 0x0000000747200000| 91%| O|  |TAMS 0x0000000747000000| PB 0x0000000747000000| Untracked |  0
|  41|0x0000000747200000, 0x0000000747200000, 0x0000000747400000|  0%| F|  |TAMS 0x0000000747200000| PB 0x0000000747200000| Untracked |  0
|  42|0x0000000747400000, 0x0000000747400000, 0x0000000747600000|  0%| F|  |TAMS 0x0000000747400000| PB 0x0000000747400000| Untracked |  0
|  43|0x0000000747600000, 0x0000000747600000, 0x0000000747800000|  0%| F|  |TAMS 0x0000000747600000| PB 0x0000000747600000| Untracked |  0
|  44|0x0000000747800000, 0x0000000747800000, 0x0000000747a00000|  0%| F|  |TAMS 0x0000000747800000| PB 0x0000000747800000| Untracked |  0
|  45|0x0000000747a00000, 0x0000000747c00000, 0x0000000747c00000|100%| S|CS|TAMS 0x0000000747a00000| PB 0x0000000747a00000| Complete |  0
|  46|0x0000000747c00000, 0x0000000747e00000, 0x0000000747e00000|100%| S|CS|TAMS 0x0000000747c00000| PB 0x0000000747c00000| Complete |  0
|  47|0x0000000747e00000, 0x0000000747e00000, 0x0000000748000000|  0%| F|  |TAMS 0x0000000747e00000| PB 0x0000000747e00000| Untracked |  0
|  48|0x0000000748000000, 0x0000000748000000, 0x0000000748200000|  0%| F|  |TAMS 0x0000000748000000| PB 0x0000000748000000| Untracked |  0
|  49|0x0000000748200000, 0x0000000748200000, 0x0000000748400000|  0%| F|  |TAMS 0x0000000748200000| PB 0x0000000748200000| Untracked |  0
|  50|0x0000000748400000, 0x0000000748400000, 0x0000000748600000|  0%| F|  |TAMS 0x0000000748400000| PB 0x0000000748400000| Untracked |  0
|  51|0x0000000748600000, 0x0000000748600000, 0x0000000748800000|  0%| F|  |TAMS 0x0000000748600000| PB 0x0000000748600000| Untracked |  0
|  52|0x0000000748800000, 0x0000000748800000, 0x0000000748a00000|  0%| F|  |TAMS 0x0000000748800000| PB 0x0000000748800000| Untracked |  0
|  53|0x0000000748a00000, 0x0000000748a00000, 0x0000000748c00000|  0%| F|  |TAMS 0x0000000748a00000| PB 0x0000000748a00000| Untracked |  0
|  54|0x0000000748c00000, 0x0000000748c00000, 0x0000000748e00000|  0%| F|  |TAMS 0x0000000748c00000| PB 0x0000000748c00000| Untracked |  0
|  55|0x0000000748e00000, 0x0000000748e00000, 0x0000000749000000|  0%| F|  |TAMS 0x0000000748e00000| PB 0x0000000748e00000| Untracked |  0
|  56|0x0000000749000000, 0x0000000749000000, 0x0000000749200000|  0%| F|  |TAMS 0x0000000749000000| PB 0x0000000749000000| Untracked |  0
|  57|0x0000000749200000, 0x0000000749200000, 0x0000000749400000|  0%| F|  |TAMS 0x0000000749200000| PB 0x0000000749200000| Untracked |  0
|  58|0x0000000749400000, 0x0000000749400000, 0x0000000749600000|  0%| F|  |TAMS 0x0000000749400000| PB 0x0000000749400000| Untracked |  0
|  91|0x000000074d600000, 0x000000074d600000, 0x000000074d800000|  0%| F|  |TAMS 0x000000074d600000| PB 0x000000074d600000| Untracked |  0
|  92|0x000000074d800000, 0x000000074d800000, 0x000000074da00000|  0%| F|  |TAMS 0x000000074d800000| PB 0x000000074d800000| Untracked |  0
|  93|0x000000074da00000, 0x000000074da00000, 0x000000074dc00000|  0%| F|  |TAMS 0x000000074da00000| PB 0x000000074da00000| Untracked |  0
|  94|0x000000074dc00000, 0x000000074dc00000, 0x000000074de00000|  0%| F|  |TAMS 0x000000074dc00000| PB 0x000000074dc00000| Untracked |  0
|1518|0x00000007ffc00000, 0x00000007ffe00000, 0x00000007ffe00000|100%| O|  |TAMS 0x00000007ffc00000| PB 0x00000007ffc00000| Untracked |  0
|1519|0x00000007ffe00000, 0x00000007ffe00000, 0x0000000800000000|  0%| F|  |TAMS 0x00000007ffe00000| PB 0x00000007ffe00000| Untracked |  0

Card table byte_map: [0x0000026d66970000,0x0000026d66f60000] _byte_map_base: 0x0000026d62f60000

Marking Bits: (CMBitMap*) 0x0000026d5894b220
 Bits: [0x0000026d66f60000, 0x0000026d69ee0000)

Polling page: 0x0000026d58aa0000

Metaspace:

Usage:
  Non-class:     80.53 MB used.
      Class:     10.68 MB used.
       Both:     91.22 MB used.

Virtual space:
  Non-class space:      128.00 MB reserved,      80.88 MB ( 63%) committed,  2 nodes.
      Class space:        1.00 GB reserved,      10.88 MB (  1%) committed,  1 nodes.
             Both:        1.12 GB reserved,      91.75 MB (  8%) committed. 

Chunk freelists:
   Non-Class:  14.97 MB
       Class:  5.00 MB
        Both:  19.97 MB

MaxMetaspaceSize: unlimited
CompressedClassSpaceSize: 1.00 GB
Initial GC threshold: 21.00 MB
Current GC threshold: 152.81 MB
CDS: on
 - commit_granule_bytes: 65536.
 - commit_granule_words: 8192.
 - virtual_space_node_default_size: 8388608.
 - enlarge_chunks_in_place: 1.
UseCompressedClassPointers 1, UseCompactObjectHeaders 0
Narrow klass pointer bits 32, Max shift 3
Narrow klass base: 0x0000026d00000000, Narrow klass shift: 0
Encoding Range: [0x0000026d00000000 - 0x0000026e00000000), (4294967296 bytes)
Klass Range:    [0x0000026d00000000 - 0x0000026d41000000), (1090519040 bytes)
Klass ID Range:  [8 - 1090519033) (1090519025)


Internal statistics:

num_allocs_failed_limit: 11.
num_arena_births: 728.
num_arena_deaths: 0.
num_vsnodes_births: 3.
num_vsnodes_deaths: 0.
num_space_committed: 1468.
num_space_uncommitted: 0.
num_chunks_returned_to_freelist: 11.
num_chunks_taken_from_freelist: 3830.
num_chunk_merges: 11.
num_chunk_splits: 2961.
num_chunks_enlarged: 2527.
num_inconsistent_stats: 0.

CodeCache: size=49152Kb used=12060Kb max_used=12060Kb free=37091Kb
 bounds [0x0000026d63380000, 0x0000026d63f50000, 0x0000026d66380000]
 total_blobs=8626, nmethods=7815, adapters=734, full_count=0
Compilation: enabled, stopped_count=0, restarted_count=0

Compilation events (20 events):
Event: 16.584 Thread 0x0000026d450c5390 7958       1       org.springframework.data.jpa.repository.query.QueryRenderer$InlineRenderer::isExpression (2 bytes)
Event: 16.584 Thread 0x0000026d450c5390 nmethod 7958 0x0000026d63f01188 code [0x0000026d63f01280, 0x0000026d63f01348]
Event: 16.584 Thread 0x0000026d6c3a9240 nmethod 7957 0x0000026d63f00e88 code [0x0000026d63f00fa0, 0x0000026d63f010d8]
Event: 16.584 Thread 0x0000026d450c4c00 nmethod 7955 0x0000026d63f00a08 code [0x0000026d63f00b60, 0x0000026d63f00e10]
Event: 16.584 Thread 0x0000026d6c3a9240 7959       1       org.antlr.v4.runtime.Parser::match (90 bytes)
Event: 16.585 Thread 0x0000026d6c3a9240 nmethod 7959 0x0000026d63efff08 code [0x0000026d63f000a0, 0x0000026d63f00688]
Event: 16.591 Thread 0x0000026d6c3a9240 7960       1       org.antlr.v4.runtime.atn.PredictionMode::allConfigsInRuleStopStates (41 bytes)
Event: 16.591 Thread 0x0000026d6c3a9240 nmethod 7960 0x0000026d63f44f88 code [0x0000026d63f450c0, 0x0000026d63f45370]
Event: 16.592 Thread 0x0000026d450c5390 7961       1       org.antlr.v4.runtime.atn.LexerATNSimulator::addDFAEdge (37 bytes)
Event: 16.592 Thread 0x0000026d450c5390 nmethod 7961 0x0000026d63f45408 code [0x0000026d63f45540, 0x0000026d63f456b8]
Event: 16.600 Thread 0x0000026d450c4c00 7962       1       java.util.ArrayList::remove (26 bytes)
Event: 16.600 Thread 0x0000026d450c4c00 nmethod 7962 0x0000026d63f45708 code [0x0000026d63f45820, 0x0000026d63f45980]
Event: 16.602 Thread 0x0000026d450c4c00 7963       1       org.antlr.v4.runtime.ParserRuleContext::<init> (5 bytes)
Event: 16.602 Thread 0x0000026d6c3a9240 7964       1       org.antlr.v4.runtime.RuleContext::<init> (10 bytes)
Event: 16.602 Thread 0x0000026d450c5390 7965       1       org.antlr.v4.runtime.ParserRuleContext::copyFrom (99 bytes)
Event: 16.602 Thread 0x0000026d450c4c00 nmethod 7963 0x0000026d63f45a08 code [0x0000026d63f45b00, 0x0000026d63f45bc8]
Event: 16.602 Thread 0x0000026d6c3a9240 nmethod 7964 0x0000026d63f45d08 code [0x0000026d63f45e00, 0x0000026d63f45ec8]
Event: 16.603 Thread 0x0000026d450c5390 nmethod 7965 0x0000026d63f46008 code [0x0000026d63f461a0, 0x0000026d63f46978]
Event: 16.612 Thread 0x0000026d450c5390 7966       1       org.antlr.v4.runtime.atn.PredictionMode::hasSLLConflictTerminatingPrediction (109 bytes)
Event: 16.612 Thread 0x0000026d450c5390 nmethod 7966 0x0000026d63f46a08 code [0x0000026d63f46ba0, 0x0000026d63f47090]

GC Heap History (20 events):
Event: 13.527 GC heap after
{Heap after GC invocations=19 (full 0):
 garbage-first heap   total reserved 3112960K, committed 92160K, used 47435K [0x0000000742000000, 0x0000000800000000)
  region size 2048K, 3 young (6144K), 3 survivors (6144K)
 Metaspace       used 82128K, committed 82752K, reserved 1179648K
  class space    used 9182K, committed 9408K, reserved 1048576K
}
Event: 14.220 GC heap before
{Heap before GC invocations=19 (full 0):
 garbage-first heap   total reserved 3112960K, committed 92160K, used 78155K [0x0000000742000000, 0x0000000800000000)
  region size 2048K, 18 young (36864K), 3 survivors (6144K)
 Metaspace       used 85342K, committed 85888K, reserved 1179648K
  class space    used 9758K, committed 9984K, reserved 1048576K
}
Event: 14.231 GC heap after
{Heap after GC invocations=20 (full 0):
 garbage-first heap   total reserved 3112960K, committed 92160K, used 50716K [0x0000000742000000, 0x0000000800000000)
  region size 2048K, 3 young (6144K), 3 survivors (6144K)
 Metaspace       used 85342K, committed 85888K, reserved 1179648K
  class space    used 9758K, committed 9984K, reserved 1048576K
}
Event: 14.983 GC heap before
{Heap before GC invocations=21 (full 0):
 garbage-first heap   total reserved 3112960K, committed 92160K, used 77340K [0x0000000742000000, 0x0000000800000000)
  region size 2048K, 17 young (34816K), 3 survivors (6144K)
 Metaspace       used 91307K, committed 91904K, reserved 1179648K
  class space    used 10630K, committed 10880K, reserved 1048576K
}
Event: 14.991 GC heap after
{Heap after GC invocations=22 (full 0):
 garbage-first heap   total reserved 3112960K, committed 92160K, used 52636K [0x0000000742000000, 0x0000000800000000)
  region size 2048K, 3 young (6144K), 3 survivors (6144K)
 Metaspace       used 91307K, committed 91904K, reserved 1179648K
  class space    used 10630K, committed 10880K, reserved 1048576K
}
Event: 15.488 GC heap before
{Heap before GC invocations=22 (full 0):
 garbage-first heap   total reserved 3112960K, committed 92160K, used 75164K [0x0000000742000000, 0x0000000800000000)
  region size 2048K, 15 young (30720K), 3 survivors (6144K)
 Metaspace       used 93140K, committed 93696K, reserved 1179648K
  class space    used 10889K, committed 11136K, reserved 1048576K
}
Event: 15.499 GC heap after
{Heap after GC invocations=23 (full 0):
 garbage-first heap   total reserved 3112960K, committed 92160K, used 56818K [0x0000000742000000, 0x0000000800000000)
  region size 2048K, 2 young (4096K), 2 survivors (4096K)
 Metaspace       used 93140K, committed 93696K, reserved 1179648K
  class space    used 10889K, committed 11136K, reserved 1048576K
}
Event: 15.694 GC heap before
{Heap before GC invocations=23 (full 0):
 garbage-first heap   total reserved 3112960K, committed 92160K, used 81394K [0x0000000742000000, 0x0000000800000000)
  region size 2048K, 14 young (28672K), 2 survivors (4096K)
 Metaspace       used 93271K, committed 93824K, reserved 1179648K
  class space    used 10906K, committed 11136K, reserved 1048576K
}
Event: 15.701 GC heap after
{Heap after GC invocations=24 (full 0):
 garbage-first heap   total reserved 3112960K, committed 110592K, used 58514K [0x0000000742000000, 0x0000000800000000)
  region size 2048K, 1 young (2048K), 1 survivors (2048K)
 Metaspace       used 93271K, committed 93824K, reserved 1179648K
  class space    used 10906K, committed 11136K, reserved 1048576K
}
Event: 15.972 GC heap before
{Heap before GC invocations=25 (full 0):
 garbage-first heap   total reserved 3112960K, committed 110592K, used 99474K [0x0000000742000000, 0x0000000800000000)
  region size 2048K, 21 young (43008K), 1 survivors (2048K)
 Metaspace       used 93393K, committed 93952K, reserved 1179648K
  class space    used 10934K, committed 11136K, reserved 1048576K
}
Event: 15.979 GC heap after
{Heap after GC invocations=26 (full 0):
 garbage-first heap   total reserved 3112960K, committed 110592K, used 62777K [0x0000000742000000, 0x0000000800000000)
  region size 2048K, 3 young (6144K), 3 survivors (6144K)
 Metaspace       used 93393K, committed 93952K, reserved 1179648K
  class space    used 10934K, committed 11136K, reserved 1048576K
}
Event: 16.104 GC heap before
{Heap before GC invocations=26 (full 0):
 garbage-first heap   total reserved 3112960K, committed 110592K, used 95545K [0x0000000742000000, 0x0000000800000000)
  region size 2048K, 19 young (38912K), 3 survivors (6144K)
 Metaspace       used 93397K, committed 93952K, reserved 1179648K
  class space    used 10935K, committed 11136K, reserved 1048576K
}
Event: 16.113 GC heap after
{Heap after GC invocations=27 (full 0):
 garbage-first heap   total reserved 3112960K, committed 110592K, used 62232K [0x0000000742000000, 0x0000000800000000)
  region size 2048K, 2 young (4096K), 2 survivors (4096K)
 Metaspace       used 93397K, committed 93952K, reserved 1179648K
  class space    used 10935K, committed 11136K, reserved 1048576K
}
Event: 16.251 GC heap before
{Heap before GC invocations=27 (full 0):
 garbage-first heap   total reserved 3112960K, committed 110592K, used 97048K [0x0000000742000000, 0x0000000800000000)
  region size 2048K, 19 young (38912K), 2 survivors (4096K)
 Metaspace       used 93397K, committed 93952K, reserved 1179648K
  class space    used 10935K, committed 11136K, reserved 1048576K
}
Event: 16.268 GC heap after
{Heap after GC invocations=28 (full 0):
 garbage-first heap   total reserved 3112960K, committed 112640K, used 73542K [0x0000000742000000, 0x0000000800000000)
  region size 2048K, 3 young (6144K), 3 survivors (6144K)
 Metaspace       used 93397K, committed 93952K, reserved 1179648K
  class space    used 10935K, committed 11136K, reserved 1048576K
}
Event: 16.396 GC heap before
{Heap before GC invocations=28 (full 0):
 garbage-first heap   total reserved 3112960K, committed 112640K, used 98118K [0x0000000742000000, 0x0000000800000000)
  region size 2048K, 15 young (30720K), 3 survivors (6144K)
 Metaspace       used 93398K, committed 93952K, reserved 1179648K
  class space    used 10935K, committed 11136K, reserved 1048576K
}
Event: 16.411 GC heap after
{Heap after GC invocations=29 (full 0):
 garbage-first heap   total reserved 3112960K, committed 112640K, used 78522K [0x0000000742000000, 0x0000000800000000)
  region size 2048K, 2 young (4096K), 2 survivors (4096K)
 Metaspace       used 93398K, committed 93952K, reserved 1179648K
  class space    used 10935K, committed 11136K, reserved 1048576K
}
Event: 16.524 GC heap before
{Heap before GC invocations=30 (full 0):
 garbage-first heap   total reserved 3112960K, committed 133120K, used 99002K [0x0000000742000000, 0x0000000800000000)
  region size 2048K, 12 young (24576K), 2 survivors (4096K)
 Metaspace       used 93398K, committed 93952K, reserved 1179648K
  class space    used 10935K, committed 11136K, reserved 1048576K
}
Event: 16.536 GC heap after
{Heap after GC invocations=31 (full 0):
 garbage-first heap   total reserved 3112960K, committed 133120K, used 83875K [0x0000000742000000, 0x0000000800000000)
  region size 2048K, 2 young (4096K), 2 survivors (4096K)
 Metaspace       used 93398K, committed 93952K, reserved 1179648K
  class space    used 10935K, committed 11136K, reserved 1048576K
}
Event: 16.645 GC heap before
{Heap before GC invocations=31 (full 0):
 garbage-first heap   total reserved 3112960K, committed 133120K, used 114595K [0x0000000742000000, 0x0000000800000000)
  region size 2048K, 17 young (34816K), 2 survivors (4096K)
 Metaspace       used 93404K, committed 93952K, reserved 1179648K
  class space    used 10937K, committed 11136K, reserved 1048576K
}

Dll operation events (11 events):
Event: 0.033 Loaded shared library C:\Users\huyle\.jdks\openjdk-24.0.2\bin\java.dll
Event: 0.459 Loaded shared library C:\Users\huyle\.jdks\openjdk-24.0.2\bin\zip.dll
Event: 0.463 Loaded shared library C:\Users\huyle\.jdks\openjdk-24.0.2\bin\instrument.dll
Event: 0.470 Loaded shared library C:\Users\huyle\.jdks\openjdk-24.0.2\bin\net.dll
Event: 0.473 Loaded shared library C:\Users\huyle\.jdks\openjdk-24.0.2\bin\nio.dll
Event: 0.478 Loaded shared library C:\Users\huyle\.jdks\openjdk-24.0.2\bin\zip.dll
Event: 0.816 Loaded shared library C:\Users\huyle\.jdks\openjdk-24.0.2\bin\jimage.dll
Event: 0.825 Loaded shared library C:\Users\huyle\.jdks\openjdk-24.0.2\bin\extnet.dll
Event: 0.859 Loaded shared library C:\Users\huyle\.jdks\openjdk-24.0.2\bin\management.dll
Event: 0.875 Loaded shared library C:\Users\huyle\.jdks\openjdk-24.0.2\bin\management_ext.dll
Event: 3.071 Loaded shared library C:\Users\huyle\.jdks\openjdk-24.0.2\bin\sunmscapi.dll

Deoptimization events (6 events):
Event: 9.519 Thread 0x0000026d45b6fe30 DEOPT PACKING pc=0x0000026d637ebf41 sp=0x0000007ad49ff250
Event: 9.519 Thread 0x0000026d45b6fe30 DEOPT UNPACKING pc=0x0000026d633d5722 sp=0x0000007ad49fe6a8 mode 3
Event: 9.519 Thread 0x0000026d46424680 DEOPT PACKING pc=0x0000026d637f1826 sp=0x0000007ad46f9a80
Event: 9.519 Thread 0x0000026d46424680 DEOPT UNPACKING pc=0x0000026d633d5722 sp=0x0000007ad46f8f10 mode 3
Event: 13.712 Thread 0x0000026d46424680 DEOPT PACKING pc=0x0000026d63e362ec sp=0x0000007ad46fccc0
Event: 13.712 Thread 0x0000026d46424680 DEOPT UNPACKING pc=0x0000026d633d5722 sp=0x0000007ad46fc108 mode 0

Classes loaded (20 events):
Event: 13.818 Loading class java/util/regex/Pattern$Behind
Event: 13.819 Loading class java/util/regex/Pattern$Behind done
Event: 13.841 Loading class java/util/EmptyStackException
Event: 13.841 Loading class java/util/EmptyStackException done
Event: 14.004 Loading class java/io/InvalidClassException
Event: 14.004 Loading class java/io/InvalidClassException done
Event: 14.968 Loading class javax/net/DefaultSocketFactory
Event: 14.968 Loading class javax/net/DefaultSocketFactory done
Event: 14.969 Loading class javax/net/ssl/HostnameVerifier
Event: 14.969 Loading class javax/net/ssl/HostnameVerifier done
Event: 14.969 Loading class java/security/cert/CertificateParsingException
Event: 14.969 Loading class java/security/cert/CertificateParsingException done
Event: 15.111 Loading class sun/security/util/ManifestEntryVerifier$SunProviderHolder
Event: 15.111 Loading class sun/security/util/ManifestEntryVerifier$SunProviderHolder done
Event: 15.264 Loading class java/security/cert/PKIXRevocationChecker
Event: 15.264 Loading class java/security/cert/PKIXRevocationChecker done
Event: 15.267 Loading class java/security/Provider$OPType
Event: 15.268 Loading class java/security/Provider$OPType done
Event: 16.008 Loading class java/util/concurrent/ScheduledThreadPoolExecutor$DelayedWorkQueue$Itr
Event: 16.008 Loading class java/util/concurrent/ScheduledThreadPoolExecutor$DelayedWorkQueue$Itr done

Classes unloaded (0 events):
No events

Classes redefined (0 events):
No events

Internal exceptions (20 events):
Event: 11.862 Thread 0x0000026d46424680 Exception <a 'java/io/IOException'{0x0000000746d47b70}> (0x0000000746d47b70) 
thrown [s\open\src\hotspot\share\prims\jni.cpp, line 518]
Event: 12.052 Thread 0x0000026d46424680 Exception <a 'java/lang/IncompatibleClassChangeError'{0x000000074622be50}: Found class java.lang.Object, but interface was expected> (0x000000074622be50) 
thrown [s\open\src\hotspot\share\interpreter\linkResolver.cpp, line 872]
Event: 12.119 Thread 0x0000026d46424680 Exception <a 'java/lang/IncompatibleClassChangeError'{0x0000000746055198}: Found class java.lang.Object, but interface was expected> (0x0000000746055198) 
thrown [s\open\src\hotspot\share\interpreter\linkResolver.cpp, line 872]
Event: 12.501 Thread 0x0000026d46424680 Exception <a 'java/lang/IncompatibleClassChangeError'{0x00000007fffe0250}: Found class java.lang.Object, but interface was expected> (0x00000007fffe0250) 
thrown [s\open\src\hotspot\share\interpreter\linkResolver.cpp, line 872]
Event: 12.660 Thread 0x0000026d46424680 Exception <a 'java/lang/NoSuchMethodError'{0x000000074d94d030}: 'long java.lang.invoke.DirectMethodHandle$Holder.invokeVirtual(java.lang.Object, java.lang.Object)'> (0x000000074d94d030) 
thrown [s\open\src\hotspot\share\interpreter\linkResolver.cpp, line 805]
Event: 12.666 Thread 0x0000026d46424680 Exception <a 'java/io/FileNotFoundException'{0x000000074d97f970}> (0x000000074d97f970) 
thrown [s\open\src\hotspot\share\prims\jni.cpp, line 518]
Event: 12.703 Thread 0x0000026d46424680 Exception <a 'java/lang/NoSuchMethodError'{0x000000074d700fa0}: 'void java.lang.invoke.DirectMethodHandle$Holder.invokeVirtual(java.lang.Object, java.lang.Object, long)'> (0x000000074d700fa0) 
thrown [s\open\src\hotspot\share\interpreter\linkResolver.cpp, line 805]
Event: 12.849 Thread 0x0000026d46424680 Exception <a 'java/lang/NoSuchMethodError'{0x0000000746ce5db0}: 'int java.lang.invoke.Invokers$Holder.invokeExact_MT(java.lang.Object, java.lang.Object, java.lang.Object)'> (0x0000000746ce5db0) 
thrown [s\open\src\hotspot\share\interpreter\linkResolver.cpp, line 805]
Event: 12.863 Thread 0x0000026d46424680 Exception <a 'java/lang/NoSuchMethodError'{0x0000000746d1e5f8}: 'java.lang.Object java.lang.invoke.DirectMethodHandle$Holder.invokeVirtual(java.lang.Object, java.lang.Object, int, int)'> (0x0000000746d1e5f8) 
thrown [s\open\src\hotspot\share\interpreter\linkResolver.cpp, line 805]
Event: 12.870 Thread 0x0000026d46424680 Exception <a 'sun/nio/fs/WindowsException'{0x0000000746d4b300}> (0x0000000746d4b300) 
thrown [s\open\src\hotspot\share\prims\jni.cpp, line 518]
Event: 12.870 Thread 0x0000026d46424680 Exception <a 'sun/nio/fs/WindowsException'{0x0000000746d4c0b8}> (0x0000000746d4c0b8) 
thrown [s\open\src\hotspot\share\prims\jni.cpp, line 518]
Event: 12.882 Thread 0x0000026d46424680 Exception <a 'java/io/FileNotFoundException'{0x0000000746d79620}> (0x0000000746d79620) 
thrown [s\open\src\hotspot\share\prims\jni.cpp, line 518]
Event: 13.291 Thread 0x0000026d46424680 Exception <a 'java/lang/NoSuchMethodError'{0x000000074619c178}: 'java.lang.Object java.lang.invoke.DirectMethodHandle$Holder.invokeStaticInit(java.lang.Object, long)'> (0x000000074619c178) 
thrown [s\open\src\hotspot\share\interpreter\linkResolver.cpp, line 805]
Event: 13.632 Thread 0x0000026d46424680 Exception <a 'java/io/FileNotFoundException'{0x000000074dd5a780}> (0x000000074dd5a780) 
thrown [s\open\src\hotspot\share\prims\jni.cpp, line 518]
Event: 13.633 Thread 0x0000026d46424680 Exception <a 'java/io/FileNotFoundException'{0x000000074dd64368}> (0x000000074dd64368) 
thrown [s\open\src\hotspot\share\prims\jni.cpp, line 518]
Event: 13.634 Thread 0x0000026d46424680 Exception <a 'java/io/FileNotFoundException'{0x000000074dd6e128}> (0x000000074dd6e128) 
thrown [s\open\src\hotspot\share\prims\jni.cpp, line 518]
Event: 13.635 Thread 0x0000026d46424680 Exception <a 'java/io/FileNotFoundException'{0x000000074dd77ea8}> (0x000000074dd77ea8) 
thrown [s\open\src\hotspot\share\prims\jni.cpp, line 518]
Event: 13.711 Thread 0x0000026d46424680 Exception <a 'java/lang/NoSuchMethodError'{0x000000074dbf2ed8}: 'int java.lang.invoke.DirectMethodHandle$Holder.invokeStaticInit(java.lang.Object, int, java.lang.Object, java.lang.Object, java.lang.Object, java.lang.Object)'> (0x000000074dbf2ed8) 
thrown [s\open\src\hotspot\share\interpreter\linkResolver.cpp, line 805]
Event: 13.820 Thread 0x0000026d46424680 Exception <a 'java/lang/IncompatibleClassChangeError'{0x000000074d730b68}: Found class java.lang.Object, but interface was expected> (0x000000074d730b68) 
thrown [s\open\src\hotspot\share\interpreter\linkResolver.cpp, line 872]
Event: 15.922 Thread 0x0000026d46424680 Exception <a 'java/lang/IncompatibleClassChangeError'{0x0000000746f8e810}: Found class java.lang.Object, but interface was expected> (0x0000000746f8e810) 
thrown [s\open\src\hotspot\share\interpreter\linkResolver.cpp, line 872]

VM Operations (20 events):
Event: 15.701 Executing VM operation: G1CollectForAllocation (G1 Evacuation Pause) done
Event: 15.834 Executing VM operation: G1PauseRemark
Event: 15.838 Executing VM operation: G1PauseRemark done
Event: 15.887 Executing VM operation: G1PauseCleanup
Event: 15.891 Executing VM operation: G1PauseCleanup done
Event: 15.972 Executing VM operation: G1CollectForAllocation (G1 Evacuation Pause)
Event: 15.979 Executing VM operation: G1CollectForAllocation (G1 Evacuation Pause) done
Event: 16.104 Executing VM operation: G1CollectForAllocation (G1 Evacuation Pause)
Event: 16.113 Executing VM operation: G1CollectForAllocation (G1 Evacuation Pause) done
Event: 16.251 Executing VM operation: G1CollectForAllocation (G1 Evacuation Pause)
Event: 16.268 Executing VM operation: G1CollectForAllocation (G1 Evacuation Pause) done
Event: 16.396 Executing VM operation: G1CollectForAllocation (G1 Evacuation Pause)
Event: 16.411 Executing VM operation: G1CollectForAllocation (G1 Evacuation Pause) done
Event: 16.440 Executing VM operation: G1PauseRemark
Event: 16.445 Executing VM operation: G1PauseRemark done
Event: 16.512 Executing VM operation: G1PauseCleanup
Event: 16.512 Executing VM operation: G1PauseCleanup done
Event: 16.524 Executing VM operation: G1CollectForAllocation (G1 Evacuation Pause)
Event: 16.536 Executing VM operation: G1CollectForAllocation (G1 Evacuation Pause) done
Event: 16.645 Executing VM operation: G1CollectForAllocation (G1 Evacuation Pause)

Memory protections (0 events):
No events

Nmethod flushes (20 events):
Event: 15.837 Thread 0x0000026d6c380540 flushing  nmethod 0x0000026d63eb9d88
Event: 15.837 Thread 0x0000026d6c380540 flushing  nmethod 0x0000026d63ec5e08
Event: 15.837 Thread 0x0000026d6c380540 flushing  nmethod 0x0000026d63a3a588
Event: 15.837 Thread 0x0000026d6c380540 flushing  nmethod 0x0000026d63ca9688
Event: 15.837 Thread 0x0000026d6c380540 flushing  nmethod 0x0000026d63caba88
Event: 15.837 Thread 0x0000026d6c380540 flushing  nmethod 0x0000026d63d1b288
Event: 15.837 Thread 0x0000026d6c380540 flushing  nmethod 0x0000026d63d1c888
Event: 15.837 Thread 0x0000026d6c380540 flushing  nmethod 0x0000026d63e35808
Event: 15.837 Thread 0x0000026d6c380540 flushing  nmethod 0x0000026d63e36b88
Event: 15.837 Thread 0x0000026d6c380540 flushing  nmethod 0x0000026d63e75d08
Event: 15.837 Thread 0x0000026d6c380540 flushing  nmethod 0x0000026d63ea1c08
Event: 16.444 Thread 0x0000026d6c380540 flushing  nmethod 0x0000026d63c96388
Event: 16.444 Thread 0x0000026d6c380540 flushing  nmethod 0x0000026d63efff08
Event: 16.444 Thread 0x0000026d6c380540 flushing  nmethod 0x0000026d63c9eb08
Event: 16.444 Thread 0x0000026d6c380540 flushing  nmethod 0x0000026d63cb1e88
Event: 16.444 Thread 0x0000026d6c380540 flushing  nmethod 0x0000026d63c8f688
Event: 16.444 Thread 0x0000026d6c380540 flushing  nmethod 0x0000026d63efce08
Event: 16.444 Thread 0x0000026d6c380540 flushing  nmethod 0x0000026d63bafd88
Event: 16.444 Thread 0x0000026d6c380540 flushing  nmethod 0x0000026d63ca5f08
Event: 16.444 Thread 0x0000026d6c380540 flushing  nmethod 0x0000026d63f06808

Events (20 events):
Event: 0.808 Thread 0x0000026d5aafd800 Thread added: 0x0000026d458f5f20
Event: 0.809 Thread 0x0000026d5aafd800 Thread added: 0x0000026d458f6660
Event: 1.291 Thread 0x0000026d5aafd800 Thread added: 0x0000026d46204400
Event: 1.922 Thread 0x0000026d5aafd800 Thread added: 0x0000026d46421f30
Event: 1.926 Thread 0x0000026d46421f30 Thread added: 0x0000026d46424680
Event: 2.635 Thread 0x0000026d46424680 Thread added: 0x0000026d463d30b0
Event: 3.668 Thread 0x0000026d463d30b0 Thread exited: 0x0000026d463d30b0
Event: 3.693 Thread 0x0000026d46424680 Thread added: 0x0000026d463d30b0
Event: 3.803 Thread 0x0000026d463d30b0 Thread exited: 0x0000026d463d30b0
Event: 7.368 Thread 0x0000026d46424680 Thread added: 0x0000026d45b70cd0
Event: 9.518 Thread 0x0000026d46424680 Thread added: 0x0000026d45b6fe30
Event: 9.626 Thread 0x0000026d45b6fe30 Thread added: 0x0000026d45b71420
Event: 12.674 Thread 0x0000026d46424680 Thread added: 0x0000026d45b70580
Event: 12.677 Thread 0x0000026d46424680 Thread added: 0x0000026d45b6e0f0
Event: 12.681 Thread 0x0000026d46424680 Thread added: 0x0000026d45b6e840
Event: 12.919 Thread 0x0000026d46424680 Thread added: 0x0000026d45b6ef90
Event: 13.119 Thread 0x0000026d46424680 Thread added: 0x0000026d45b6f6e0
Event: 15.007 Thread 0x0000026d46424680 Thread added: 0x0000026d4c64b700
Event: 15.014 Thread 0x0000026d46424680 Thread added: 0x0000026d4c64d440
Event: 15.232 Thread 0x0000026d45b71420 Thread exited: 0x0000026d45b71420


Dynamic libraries:
0x00007ff7d4f10000 - 0x00007ff7d4f1e000 	C:\Users\huyle\.jdks\openjdk-24.0.2\bin\java.exe
0x00007ffb995e0000 - 0x00007ffb99847000 	C:\WINDOWS\SYSTEM32\ntdll.dll
0x00007ffb992d0000 - 0x00007ffb99399000 	C:\WINDOWS\System32\KERNEL32.DLL
0x00007ffb960c0000 - 0x00007ffb964b1000 	C:\WINDOWS\System32\KERNELBASE.dll
0x00007ffb96910000 - 0x00007ffb96a5b000 	C:\WINDOWS\System32\ucrtbase.dll
0x00007ffb905b0000 - 0x00007ffb905c6000 	C:\Users\huyle\.jdks\openjdk-24.0.2\bin\jli.dll
0x00007ffb993d0000 - 0x00007ffb99595000 	C:\WINDOWS\System32\USER32.dll
0x00007ffb968e0000 - 0x00007ffb96907000 	C:\WINDOWS\System32\win32u.dll
0x00007ffb90570000 - 0x00007ffb9058b000 	C:\Users\huyle\.jdks\openjdk-24.0.2\bin\VCRUNTIME140.dll
0x00007ffb97bc0000 - 0x00007ffb97beb000 	C:\WINDOWS\System32\GDI32.dll
0x00007ffb967b0000 - 0x00007ffb968db000 	C:\WINDOWS\System32\gdi32full.dll
0x00007ffb96a60000 - 0x00007ffb96b03000 	C:\WINDOWS\System32\msvcp_win.dll
0x00007ffb950c0000 - 0x00007ffb95353000 	C:\WINDOWS\WinSxS\amd64_microsoft.windows.common-controls_6595b64144ccf1df_6.0.26100.8037_none_3e092faae333b53b\COMCTL32.dll
0x00007ffb97a30000 - 0x00007ffb97ad9000 	C:\WINDOWS\System32\msvcrt.dll
0x00007ffb975e0000 - 0x00007ffb97611000 	C:\WINDOWS\System32\IMM32.DLL
0x00007ffb90560000 - 0x00007ffb9056c000 	C:\Users\huyle\.jdks\openjdk-24.0.2\bin\vcruntime140_1.dll
0x00007ffb7c9f0000 - 0x00007ffb7ca7e000 	C:\Users\huyle\.jdks\openjdk-24.0.2\bin\msvcp140.dll
0x00007ffb08b00000 - 0x00007ffb098a1000 	C:\Users\huyle\.jdks\openjdk-24.0.2\bin\server\jvm.dll
0x00007ffb978c0000 - 0x00007ffb9797b000 	C:\WINDOWS\System32\ADVAPI32.dll
0x00007ffb97bf0000 - 0x00007ffb97c97000 	C:\WINDOWS\System32\sechost.dll
0x00007ffb98b20000 - 0x00007ffb98c38000 	C:\WINDOWS\System32\RPCRT4.dll
0x00007ffb97840000 - 0x00007ffb978b4000 	C:\WINDOWS\System32\WS2_32.dll
0x00007ffb95d40000 - 0x00007ffb95d9e000 	C:\WINDOWS\SYSTEM32\POWRPROF.dll
0x00007ffb8e8f0000 - 0x00007ffb8e8fb000 	C:\WINDOWS\SYSTEM32\VERSION.dll
0x00007ffb867b0000 - 0x00007ffb867e5000 	C:\WINDOWS\SYSTEM32\WINMM.dll
0x00007ffb95d20000 - 0x00007ffb95d34000 	C:\WINDOWS\SYSTEM32\UMPDC.dll
0x00007ffb942e0000 - 0x00007ffb942fb000 	C:\WINDOWS\SYSTEM32\kernel.appcore.dll
0x00007ffb90550000 - 0x00007ffb9055a000 	C:\Users\huyle\.jdks\openjdk-24.0.2\bin\jimage.dll
0x00007ffb95690000 - 0x00007ffb958d2000 	C:\WINDOWS\SYSTEM32\DBGHELP.DLL
0x00007ffb98d40000 - 0x00007ffb990c2000 	C:\WINDOWS\System32\combase.dll
0x00007ffb97ae0000 - 0x00007ffb97bb7000 	C:\WINDOWS\System32\OLEAUT32.dll
0x00007ffb95560000 - 0x00007ffb9559b000 	C:\WINDOWS\SYSTEM32\dbgcore.DLL
0x00007ffb96010000 - 0x00007ffb960b5000 	C:\WINDOWS\System32\bcryptPrimitives.dll
0x00007ffb90540000 - 0x00007ffb9054f000 	C:\Users\huyle\.jdks\openjdk-24.0.2\bin\instrument.dll
0x00007ffb86100000 - 0x00007ffb8611e000 	C:\Users\huyle\.jdks\openjdk-24.0.2\bin\java.dll
0x00007ffb97380000 - 0x00007ffb97515000 	C:\WINDOWS\System32\ole32.dll
0x00007ffb982c0000 - 0x00007ffb98a1f000 	C:\WINDOWS\System32\SHELL32.dll
0x00007ffb96640000 - 0x00007ffb967aa000 	C:\WINDOWS\System32\wintypes.dll
0x00007ffb96b10000 - 0x00007ffb97374000 	C:\WINDOWS\System32\windows.storage.dll
0x00007ffb98c40000 - 0x00007ffb98d37000 	C:\WINDOWS\System32\SHCORE.dll
0x00007ffb97520000 - 0x00007ffb97587000 	C:\WINDOWS\System32\shlwapi.dll
0x00007ffb95de0000 - 0x00007ffb95e09000 	C:\WINDOWS\SYSTEM32\profapi.dll
0x00007ffb85fa0000 - 0x00007ffb85fb7000 	C:\Users\huyle\.jdks\openjdk-24.0.2\bin\zip.dll
0x00007ffb90510000 - 0x00007ffb90520000 	C:\Users\huyle\.jdks\openjdk-24.0.2\bin\net.dll
0x00007ffb947f0000 - 0x00007ffb9485b000 	C:\WINDOWS\system32\mswsock.dll
0x00007ffb85f80000 - 0x00007ffb85f96000 	C:\Users\huyle\.jdks\openjdk-24.0.2\bin\nio.dll
0x00007ffb8f430000 - 0x00007ffb8f439000 	C:\Users\huyle\.jdks\openjdk-24.0.2\bin\extnet.dll
0x00007ffb93d50000 - 0x00007ffb93e7a000 	C:\WINDOWS\SYSTEM32\DNSAPI.dll
0x00007ffb93d10000 - 0x00007ffb93d43000 	C:\WINDOWS\SYSTEM32\IPHLPAPI.DLL
0x00007ffb97e20000 - 0x00007ffb97e2a000 	C:\WINDOWS\System32\NSI.dll
0x00007ffb8e940000 - 0x00007ffb8e94b000 	C:\Windows\System32\rasadhlp.dll
0x00007ffb8d050000 - 0x00007ffb8d0d6000 	C:\WINDOWS\System32\fwpuclnt.dll
0x00007ffb8c020000 - 0x00007ffb8c02a000 	C:\Users\huyle\.jdks\openjdk-24.0.2\bin\management.dll
0x00007ffb87e10000 - 0x00007ffb87e1b000 	C:\Users\huyle\.jdks\openjdk-24.0.2\bin\management_ext.dll
0x00007ffb992c0000 - 0x00007ffb992c8000 	C:\WINDOWS\System32\PSAPI.DLL
0x00007ffb959e0000 - 0x00007ffb959fb000 	C:\WINDOWS\SYSTEM32\CRYPTSP.dll
0x00007ffb94c20000 - 0x00007ffb94c59000 	C:\WINDOWS\system32\rsaenh.dll
0x00007ffb94860000 - 0x00007ffb94892000 	C:\WINDOWS\SYSTEM32\USERENV.dll
0x00007ffb95db0000 - 0x00007ffb95dda000 	C:\WINDOWS\SYSTEM32\bcrypt.dll
0x00007ffb94c10000 - 0x00007ffb94c1c000 	C:\WINDOWS\SYSTEM32\CRYPTBASE.dll
0x00007ffb756d0000 - 0x00007ffb756e8000 	C:\WINDOWS\system32\napinsp.dll
0x00007ffb756f0000 - 0x00007ffb75702000 	C:\WINDOWS\System32\winrnr.dll
0x00007ffb74be0000 - 0x00007ffb74c02000 	C:\WINDOWS\system32\nlansp_c.dll
0x00007ffb74bc0000 - 0x00007ffb74bd6000 	C:\WINDOWS\system32\wshbth.dll
0x00007ffb86130000 - 0x00007ffb8613e000 	C:\Users\huyle\.jdks\openjdk-24.0.2\bin\sunmscapi.dll
0x00007ffb964c0000 - 0x00007ffb96637000 	C:\WINDOWS\System32\CRYPT32.dll
0x00007ffb94ec0000 - 0x00007ffb94ef0000 	C:\WINDOWS\SYSTEM32\ncrypt.dll
0x00007ffb94e70000 - 0x00007ffb94eaf000 	C:\WINDOWS\SYSTEM32\NTASN1.dll
0x00007ffb8e440000 - 0x00007ffb8e45d000 	C:\WINDOWS\SYSTEM32\dhcpcsvc6.DLL
0x00007ffb8e3a0000 - 0x00007ffb8e3c3000 	C:\WINDOWS\SYSTEM32\dhcpcsvc.DLL

JVMTI agents:
C:\Program Files\JetBrains\IntelliJ IDEA 2025.2\lib\idea_rt.jar path:C:\Users\huyle\.jdks\openjdk-24.0.2\bin\instrument.dll, loaded, initialized, instrumentlib options:62638

dbghelp: loaded successfully - version: 4.0.5 - missing functions: none
symbol engine: initialized successfully - sym options: 0x614 - pdb path: .;C:\Users\huyle\.jdks\openjdk-24.0.2\bin;C:\WINDOWS\SYSTEM32;C:\WINDOWS\WinSxS\amd64_microsoft.windows.common-controls_6595b64144ccf1df_6.0.26100.8037_none_3e092faae333b53b;C:\Users\huyle\.jdks\openjdk-24.0.2\bin\server

VM Arguments:
jvm_args: -XX:TieredStopAtLevel=1 -Dspring.output.ansi.enabled=always -Dcom.sun.management.jmxremote -Dspring.jmx.enabled=true -Dspring.liveBeansView.mbeanDomain -Dspring.application.admin.enabled=true -Dmanagement.endpoints.jmx.exposure.include=* -javaagent:C:\Program Files\JetBrains\IntelliJ IDEA 2025.2\lib\idea_rt.jar=62638 -Dfile.encoding=UTF-8 -Dsun.stdout.encoding=UTF-8 -Dsun.stderr.encoding=UTF-8 
java_command: com.certificate.backend.BackendApplication
java_class_path (initial): D:\Documents\certificate-project\backend\target\classes;C:\Users\huyle\.m2\repository\org\springframework\boot\spring-boot-starter-web\4.0.3\spring-boot-starter-web-4.0.3.jar;C:\Users\huyle\.m2\repository\org\springframework\boot\spring-boot-starter-jackson\4.0.3\spring-boot-starter-jackson-4.0.3.jar;C:\Users\huyle\.m2\repository\org\springframework\boot\spring-boot-jackson\4.0.3\spring-boot-jackson-4.0.3.jar;C:\Users\huyle\.m2\repository\tools\jackson\core\jackson-databind\3.0.4\jackson-databind-3.0.4.jar;C:\Users\huyle\.m2\repository\tools\jackson\core\jackson-core\3.0.4\jackson-core-3.0.4.jar;C:\Users\huyle\.m2\repository\org\springframework\boot\spring-boot-starter-tomcat\4.0.3\spring-boot-starter-tomcat-4.0.3.jar;C:\Users\huyle\.m2\repository\org\springframework\boot\spring-boot-starter-tomcat-runtime\4.0.3\spring-boot-starter-tomcat-runtime-4.0.3.jar;C:\Users\huyle\.m2\repository\org\springframework\boot\spring-boot-web-server\4.0.3\spring-boot-web-server-4.0.3.jar;C:\Users\huyle\.m2\repository\org\apache\tomcat\embed\tomcat-embed-core\11.0.18\tomcat-embed-core-11.0.18.jar;C:\Users\huyle\.m2\repository\org\apache\tomcat\embed\tomcat-embed-websocket\11.0.18\tomcat-embed-websocket-11.0.18.jar;C:\Users\huyle\.m2\repository\org\springframework\boot\spring-boot-tomcat\4.0.3\spring-boot-tomcat-4.0.3.jar;C:\Users\huyle\.m2\repository\org\springframework\boot\spring-boot-http-converter\4.0.3\spring-boot-http-converter-4.0.3.jar;C:\Users\huyle\.m2\repository\org\springframework\spring-web\7.0.5\spring-web-7.0.5.jar;C:\Users\huyle\.m2\repository\org\springframework\boot\spring-boot-webmvc\4.0.3\spring-boot-webmvc-4.0.3.jar;C:\Users\huyle\.m2\repository\org\springframework\boot\spring-boot-servlet\4.0.3\spring-boot-servlet-4.0.3.jar;C:\Users\huyle\.m2\repository\org\springframework\spring-webmvc\7.0.5\spring-webmvc-7.0.5.jar;C:\Users\huyle\.m2\repository\org\springframework\boot\spring-boot-starter-data-jpa\4.0.3\spring-boot-starter-data-jpa-4.0.3.jar;C:\Users\huyle\.m2\repository\org\springframework\boot\spring-boot-starter\4.0.3\spring-boot-starter-4.0.3.jar;C:\Users\huyle\.m2\repository\org\springframework\boot\spring-boot-starter-logging\4.0.3\spring-boot-starter-logging-4.0.3.jar;C:\Users\huyle\.m2\repository\ch\qos\logback\logback-classic\1.5.32\logback-classic-1.5.32.jar;C:\Users\huyle\.m2\repository\ch\qos\logback\logback-core\1.5.32\logback-core-1.5.32.jar;C:\Users\huyle\.m2\repository\org\apache\logging\log4j\log4j-to-slf4j\2.25.3\log4j-to-slf4j-2.25.3.jar;C:\Users\huyle\.m2\repository\org\slf4j\jul-to-slf4j\2.0.17\jul-to-slf4j-2.0.17.jar;C:\Users\huyle\.m2\repository\jakarta\annotation\jakarta.annotation-api\3.0.0\jakarta.annotation-api-3.0.0.jar;C:\Users\huyle\.m2\repository\org\yaml\snakeyaml\2.5\snakeyaml-2.5.jar;C:\Users\huyle\.m2\repository\org\springframework\boot\spring-boot-starter-jdbc\4.0.3\spring-boot-starter-jdbc-4.0.3.jar;C:\Users\huyle\.m2\repository\com\zaxxer\HikariCP\7.0.2\HikariCP-7.0.2.jar;C:\Users\huyle\.m2\repository\org\springframework\boot\spring-boot-data-jpa\4.0.3\spring-boot-data-jpa-4.0.3.jar;C:\Users\huyle\.m2\repository\org\springframework\boot\spring-boot-data-commons\4.0.3\spring-boot-data-commons-4.0.3.jar;C:\Users\huyle\.m2\repository\org\springframework\boot\spring-boot-persistence\4.0.3\spring-boot-persistence-4.0.3.jar;C:\Users\huyle\.m2\repository\org\springframework\data\spring-data-commons\4.0.3\spring-data-commons-4.0.3.jar;C:\Users\huyle\.m2\repository\org\springframework\boot\spring-boot-hibernate\4.0.3\spring-boot-hibernate-4.0.3.jar;C:\Users\huyle\.m2\repository\org\springframework\boot\spring-boot-jpa\4.0.3\spring-boot-jpa-4.0.3.jar;C:\Users\huyle\.m2\repository\jakarta\persistence\jakarta.persistence-api\3.2.0\jakarta.persistence-api-3.2.0.jar;C:\Users\huyle\.m2\repository\org\hibernate\orm\hibernate-core\7.2.4.Final\hibernate-core-7.2.4.Final.jar;C:\Users\huyle\.m2\repository\jakarta\transaction\jakarta.transaction-api\2.0.1\jakarta.transaction-api-2.0.1.jar;C:\Users\huyle\.m2\repository\org\hibernate\models\hibernate-models\1.0.1\hibernate-models-1.0.1.jar;C:\Users\huyle\.m2\repository\org\glassfish\jaxb\jaxb-runtime\4.0.6\jaxb-runtime-4.0.6.jar;C:\Users\huyle\.m2\repository\org\glassfish\jaxb\jaxb-core\4.0.6\jaxb-core-4.0.6.jar;C:\Users\huyle\.m2\repository\org\glassfish\jaxb\txw2\4.0.6\txw2-4.0.6.jar;C:\Users\huyle\.m2\repository\com\sun\istack\istack-commons-runtime\4.1.2\istack-commons-runtime-4.1.2.jar;C:\Users\huyle\.m2\repository\jakarta\inject\jakarta.inject-api\2.0.1\jakarta.inject-api-2.0.1.jar;C:\Users\huyle\.m2\repository\org\springframework\spring-orm\7.0.5\spring-orm-7.0.5.jar;C:\Users\huyle\.m2\repository\org\springframework\data\spring-data-jpa\4.0.3\spring-data-jpa-4.0.3.jar;C:\Users\huyle\.m2\repository\org\springframework\spring-tx\7.0.5\spring-tx-7.0.5.jar;C:\Users\huyle\.m2\repository\org\antlr\antlr4-runtime\4.13.2\antlr4-runtime-4.13.2.jar;C:\Users\huyle\.m2\repository\org\springframework\spring-aspects\7.0.5\spring-aspects-7.0.5.jar;C:\Users\huyle\.m2\repository\org\aspectj\aspectjweaver\1.9.25.1\aspectjweaver-1.9.25.1.jar;C:\Users\huyle\.m2\repository\org\springframework\boot\spring-boot-jdbc\4.0.3\spring-boot-jdbc-4.0.3.jar;C:\Users\huyle\.m2\repository\org\springframework\boot\spring-boot-sql\4.0.3\spring-boot-sql-4.0.3.jar;C:\Users\huyle\.m2\repository\org\springframework\boot\spring-boot-transaction\4.0.3\spring-boot-transaction-4.0.3.jar;C:\Users\huyle\.m2\repository\org\springframework\spring-jdbc\7.0.5\spring-jdbc-7.0.5.jar;C:\Users\huyle\.m2\repository\org\springframework\boot\spring-boot-starter-security\4.0.3\spring-boot-starter-security-4.0.3.jar;C:\Users\huyle\.m2\repository\org\springframework\boot\spring-boot-security\4.0.3\spring-boot-security-4.0.3.jar;C:\Users\huyle\.m2\repository\org\springframework\security\spring-security-config\7.0.3\spring-security-config-7.0.3.jar;C:\Users\huyle\.m2\repository\org\springframework\spring-aop\7.0.5\spring-aop-7.0.5.jar;C:\Users\huyle\.m2\repository\org\springframework\spring-beans\7.0.5\spring-beans-7.0.5.jar;C:\Users\huyle\.m2\repository\org\springframework\boot\spring-boot-starter-validation\4.0.3\spring-boot-starter-validation-4.0.3.jar;C:\Users\huyle\.m2\repository\org\springframework\boot\spring-boot-validation\4.0.3\spring-boot-validation-4.0.3.jar;C:\Users\huyle\.m2\repository\org\apache\tomcat\embed\tomcat-embed-el\11.0.18\tomcat-embed-el-11.0.18.jar;C:\Users\huyle\.m2\repository\org\hibernate\validator\hibernate-validator\9.0.1.Final\hibernate-validator-9.0.1.Final.jar;C:\Users\huyle\.m2\repository\jakarta\validation\jakarta.validation-api\3.1.1\jakarta.validation-api-3.1.1.jar;C:\Users\huyle\.m2\repository\org\jboss\logging\jboss-logging\3.6.2.Final\jboss-logging-3.6.2.Final.jar;C:\Users\huyle\.m2\repository\com\fasterxml\classmate\1.7.3\classmate-1.7.3.jar;C:\Users\huyle\.m2\repository\org\springframework\boot\spring-boot-devtools\4.0.3\spring-boot-devtools-4.0.3.jar;C:\Users\huyle\.m2\repository\org\springframework\boot\spring-boot\4.0.3\spring-boot-4.0.3.jar;C:\Users\huyle\.m2\repository\org\springframework\spring-context\7.0.5\spring-context-7.0.5.jar;C:\Users\huyle\.m2\repository\org\springframework\boot\spring-boot-autoconfigure\4.0.3\spring-boot-autoconfigure-4.0.3.jar;C:\Users\huyle\.m2\repository\org\springframework\boot\spring-boot-starter-thymeleaf\4.0.3\spring-boot-starter-thymeleaf-4.0.3.jar;C:\Users\huyle\.m2\repository\org\springframework\boot\spring-boot-thymeleaf\4.0.3\spring-boot-thymeleaf-4.0.3.jar;C:\Users\huyle\.m2\repository\org\thymeleaf\thymeleaf-spring6\3.1.3.RELEASE\thymeleaf-spring6-3.1.3.RELEASE.jar;C:\Users\huyle\.m2\repository\org\thymeleaf\thymeleaf\3.1.3.RELEASE\thymeleaf-3.1.3.RELEASE.jar;C:\Users\huyle\.m2\repository\org\attoparser\attoparser\2.0.7.RELEASE\attoparser-2.0.7.RELEASE.jar;C:\Users\huyle\.m2\repository\org\unbescape\unbescape\1.1.6.RELEASE\unbescape-1.1.6.RELEASE.jar;C:\Users\huyle\.m2\repository\com\mysql\mysql-connector-j\9.6.0\mysql-connector-j-9.6.0.jar;C:\Users\huyle\.m2\repository\io\jsonwebtoken\jjwt-api\0.12.6\jjwt-api-0.12.6.jar;C:\Users\huyle\.m2\repository\io\jsonwebtoken\jjwt-impl\0.12.6\jjwt-impl-0.12.6.jar;C:\Users\huyle\.m2\repository\io\jsonwebtoken\jjwt-jackson\0.12.6\jjwt-jackson-0.12.6.jar;C:\Users\huyle\.m2\repository\com\fasterxml\jackson\core\jackson-databind\2.20.2\jackson-databind-2.20.2.jar;C:\Users\huyle\.m2\repository\com\fasterxml\jackson\core\jackson-annotations\2.20\jackson-annotations-2.20.jar;C:\Users\huyle\.m2\repository\com\fasterxml\jackson\core\jackson-core\2.20.2\jackson-core-2.20.2.jar;C:\Users\huyle\.m2\repository\org\web3j\core\4.10.3\core-4.10.3.jar;C:\Users\huyle\.m2\repository\org\web3j\abi\4.10.3\abi-4.10.3.jar;C:\Users\huyle\.m2\repository\org\web3j\utils\4.10.3\utils-4.10.3.jar;C:\Users\huyle\.m2\repository\org\bouncycastle\bcprov-jdk18on\1.73\bcprov-jdk18on-1.73.jar;C:\Users\huyle\.m2\repository\org\web3j\crypto\4.10.3\crypto-4.10.3.jar;C:\Users\huyle\.m2\repository\org\web3j\rlp\4.10.3\rlp-4.10.3.jar;C:\Users\huyle\.m2\repository\org\web3j\tuples\4.10.3\tuples-4.10.3.jar;C:\Users\huyle\.m2\repository\com\github\jnr\jnr-unixsocket\0.38.17\jnr-unixsocket-0.38.17.jar;C:\Users\huyle\.m2\repository\com\github\jnr\jnr-ffi\2.2.11\jnr-ffi-2.2.11.jar;C:\Users\huyle\.m2\repository\com\github\jnr\jffi\1.3.9\jffi-1.3.9.jar;C:\Users\huyle\.m2\repository\com\github\jnr\jffi\1.3.9\jffi-1.3.9-native.jar;C:\Users\huyle\.m2\repository\org\ow2\asm\asm\9.2\asm-9.2.jar;C:\Users\huyle\.m2\repository\org\ow2\asm\asm-commons\9.2\asm-commons-9.2.jar;C:\Users\huyle\.m2\repository\org\ow2\asm\asm-analysis\9.2\asm-analysis-9.2.jar;C:\Users\huyle\.m2\repository\org\ow2\asm\asm-tree\9.2\asm-tree-9.2.jar;C:\Users\huyle\.m2\repository\org\ow2\asm\asm-util\9.2\asm-util-9.2.jar;C:\Users\huyle\.m2\repository\com\github\jnr\jnr-a64asm\1.0.0\jnr-a64asm-1.0.0.jar;C:\Users\huyle\.m2\repository\com\github\jnr\jnr-x86asm\1.0.2\jnr-x86asm-1.0.2.jar;C:\Users\huyle\.m2\repository\com\github\jnr\jnr-constants\0.10.3\jnr-constants-0.10.3.jar;C:\Users\huyle\.m2\repository\com\github\jnr\jnr-enxio\0.32.13\jnr-enxio-0.32.13.jar;C:\Users\huyle\.m2\repository\com\github\jnr\jnr-posix\3.1.15\jnr-posix-3.1.15.jar;C:\Users\huyle\.m2\repository\com\squareup\okhttp3\okhttp\4.9.0\okhttp-4.9.0.jar;C:\Users\huyle\.m2\repository\com\squareup\okio\okio\2.8.0\okio-2.8.0.jar;C:\Users\huyle\.m2\repository\org\jetbrains\kotlin\kotlin-stdlib-common\1.4.0\kotlin-stdlib-common-1.4.0.jar;C:\Users\huyle\.m2\repository\org\jetbrains\kotlin\kotlin-stdlib\2.2.21\kotlin-stdlib-2.2.21.jar;C:\Users\huyle\.m2\repository\org\jetbrains\annotations\13.0\annotations-13.0.jar;C:\Users\huyle\.m2\repository\com\squareup\okhttp3\logging-interceptor\4.9.0\logging-interceptor-4.9.0.jar;C:\Users\huyle\.m2\repository\org\jetbrains\kotlin\kotlin-stdlib-jdk8\2.2.21\kotlin-stdlib-jdk8-2.2.21.jar;C:\Users\huyle\.m2\repository\org\jetbrains\kotlin\kotlin-stdlib-jdk7\2.2.21\kotlin-stdlib-jdk7-2.2.21.jar;C:\Users\huyle\.m2\repository\io\reactivex\rxjava2\rxjava\2.2.2\rxjava-2.2.2.jar;C:\Users\huyle\.m2\repository\org\reactivestreams\reactive-streams\1.0.4\reactive-streams-1.0.4.jar;C:\Users\huyle\.m2\repository\org\java-websocket\Java-WebSocket\1.5.3\Java-WebSocket-1.5.3.jar;C:\Users\huyle\.m2\repository\org\slf4j\slf4j-api\2.0.17\slf4j-api-2.0.17.jar;C:\Users\huyle\.m2\repository\io\github\adraffy\ens-normalize\0.1.2\ens-normalize-0.1.2.jar;C:\Users\huyle\.m2\repository\org\projectlombok\lombok\1.18.42\lombok-1.18.42.jar;C:\Users\huyle\.m2\repository\jakarta\xml\bind\jakarta.xml.bind-api\4.0.4\jakarta.xml.bind-api-4.0.4.jar;C:\Users\huyle\.m2\repository\jakarta\activation\jakarta.activation-api\2.1.4\jakarta.activation-api-2.1.4.jar;C:\Users\huyle\.m2\repository\net\bytebuddy\byte-buddy\1.17.8\byte-buddy-1.17.8.jar;C:\Users\huyle\.m2\repository\org\springframework\spring-core\7.0.5\spring-core-7.0.5.jar;C:\Users\huyle\.m2\repository\commons-logging\commons-logging\1.3.5\commons-logging-1.3.5.jar;C:\Users\huyle\.m2\repository\org\jspecify\jspecify\1.0.0\jspecify-1.0.0.jar;C:\Users\huyle\.m2\repository\org\springframework\security\spring-security-core\7.0.3\spring-security-core-7.0.3.jar;C:\Users\huyle\.m2\repository\org\springframework\security\spring-security-crypto\7.0.3\spring-security-crypto-7.0.3.jar;C:\Users\huyle\.m2\repository\org\springframework\spring-expression\7.0.5\spring-expression-7.0.5.jar;C:\Users\huyle\.m2\repository\io\micrometer\micrometer-observation\1.16.3\micrometer-observation-1.16.3.jar;C:\Users\huyle\.m2\repository\io\micrometer\micrometer-commons\1.16.3\micrometer-commons-1.16.3.jar;C:\Users\huyle\.m2\repository\org\springframework\security\spring-security-web\7.0.3\spring-security-web-7.0.3.jar;C:\Users\huyle\.m2\repository\org\springframework\boot\spring-boot-starter-webmvc\4.0.3\spring-boot-starter-webmvc-4.0.3.jar;C:\Users\huyle\.m2\repository\org\apache\poi\poi-ooxml\5.2.3\poi-ooxml-5.2.3.jar;C:\Users\huyle\.m2\repository\org\apache\poi\poi\5.2.3\poi-5.2.3.jar;C:\Users\huyle\.m2\repository\commons-codec\commons-codec\1.19.0\commons-codec-1.19.0.jar;C:\Users\huyle\.m2\repository\org\apache\commons\commons-math3\3.6.1\commons-math3-3.6.1.jar;C:\Users\huyle\.m2\repository\com\zaxxer\SparseBitSet\1.2\SparseBitSet-1.2.jar;C:\Users\huyle\.m2\repository\org\apache\poi\poi-ooxml-lite\5.2.3\poi-ooxml-lite-5.2.3.jar;C:\Users\huyle\.m2\repository\org\apache\xmlbeans\xmlbeans\5.1.1\xmlbeans-5.1.1.jar;C:\Users\huyle\.m2\repository\org\apache\commons\commons-compress\1.21\commons-compress-1.21.jar;C:\Users\huyle\.m2\repository\commons-io\commons-io\2.11.0\commons-io-2.11.0.jar;C:\Users\huyle\.m2\repository\com\github\virtuald\curvesapi\1.07\curvesapi-1.07.jar;C:\Users\huyle\.m2\repository\org\apache\logging\log4j\log4j-api\2.25.3\log4j-api-2.25.3.jar;C:\Users\huyle\.m2\repository\org\apache\commons\commons-collections4\4.4\commons-collections4-4.4.jar;C:\Users\huyle\.m2\repository\org\xhtmlrenderer\flying-saucer-pdf-openpdf\9.1.22\flying-saucer-pdf-openpdf-9.1.22.jar;C:\Users\huyle\.m2\repository\com\github\librepdf\openpdf\1.3.11\openpdf-1.3.11.jar;C:\Users\huyle\.m2\repository\com\github\albfernandez\juniversalchardet\2.3.0\juniversalchardet-2.3.0.jar;C:\Users\huyle\.m2\repository\org\xhtmlrenderer\flying-saucer-core\9.1.22\flying-saucer-core-9.1.22.jar;C:\Users\huyle\.m2\repository\com\google\zxing\core\3.5.3\core-3.5.3.jar;C:\Users\huyle\.m2\repository\com\google\zxing\javase\3.5.3\javase-3.5.3.jar;C:\Users\huyle\.m2\repository\com\beust\jcommander\1.82\jcommander-1.82.jar;C:\Users\huyle\.m2\repository\com\github\jai-imageio\jai-imageio-core\1.4.0\jai-imageio-core-1.4.0.jar;C:\Users\huyle\.m2\repository\org\springframework\boot\spring-boot-starter-mail\4.0.3\spring-boot-starter-mail-4.0.3.jar;C:\Users\huyle\.m2\repository\org\springframework\boot\spring-boot-mail\4.0.3\spring-boot-mail-4.0.3.jar;C:\Users\huyle\.m2\repository\org\springframework\spring-context-support\7.0.5\spring-context-support-7.0.5.jar;C:\Users\huyle\.m2\repository\jakarta\mail\jakarta.mail-api\2.1.5\jakarta.mail-api-2.1.5.jar;C:\Users\huyle\.m2\repository\org\eclipse\angus\angus-mail\2.0.5\angus-mail-2.0.5.jar;C:\Users\huyle\.m2\repository\org\eclipse\angus\angus-activation\2.0.3\angus-activation-2.0.3.jar;C:\Users\huyle\.m2\repository\org\springframework\boot\spring-boot-starter-data-redis\4.0.3\spring-boot-starter-data-redis-4.0.3.jar;C:\Users\huyle\.m2\repository\org\springframework\boot\spring-boot-data-redis\4.0.3\spring-boot-data-redis-4.0.3.jar;C:\Users\huyle\.m2\repository\io\lettuce\lettuce-core\6.8.2.RELEASE\lettuce-core-6.8.2.RELEASE.jar;C:\Users\huyle\.m2\repository\redis\clients\authentication\redis-authx-core\0.1.1-beta2\redis-authx-core-0.1.1-beta2.jar;C:\Users\huyle\.m2\repository\io\netty\netty-common\4.2.10.Final\netty-common-4.2.10.Final.jar;C:\Users\huyle\.m2\repository\io\netty\netty-handler\4.2.10.Final\netty-handler-4.2.10.Final.jar;C:\Users\huyle\.m2\repository\io\netty\netty-resolver\4.2.10.Final\netty-resolver-4.2.10.Final.jar;C:\Users\huyle\.m2\repository\io\netty\netty-buffer\4.2.10.Final\netty-buffer-4.2.10.Final.jar;C:\Users\huyle\.m2\repository\io\netty\netty-transport-native-unix-common\4.2.10.Final\netty-transport-native-unix-common-4.2.10.Final.jar;C:\Users\huyle\.m2\repository\io\netty\netty-codec-base\4.2.10.Final\netty-codec-base-4.2.10.Final.jar;C:\Users\huyle\.m2\repository\io\netty\netty-transport\4.2.10.Final\netty-transport-4.2.10.Final.jar;C:\Users\huyle\.m2\repository\io\projectreactor\reactor-core\3.8.3\reactor-core-3.8.3.jar;C:\Users\huyle\.m2\repository\io\netty\netty-resolver-dns\4.2.10.Final\netty-resolver-dns-4.2.10.Final.jar;C:\Users\huyle\.m2\repository\io\netty\netty-codec-dns\4.2.10.Final\netty-codec-dns-4.2.10.Final.jar;C:\Users\huyle\.m2\repository\org\springframework\data\spring-data-redis\4.0.3\spring-data-redis-4.0.3.jar;C:\Users\huyle\.m2\repository\org\springframework\data\spring-data-keyvalue\4.0.3\spring-data-keyvalue-4.0.3.jar;C:\Users\huyle\.m2\repository\org\springframework\spring-oxm\7.0.5\spring-oxm-7.0.5.jar;C:\Users\huyle\.m2\repository\org\springframework\boot\spring-boot-netty\4.0.3\spring-boot-netty-4.0.3.jar
Launcher Type: SUN_STANDARD

[Global flags]
     intx CICompilerCount                          = 3                                         {product} {ergonomic}
     uint ConcGCThreads                            = 1                                         {product} {ergonomic}
     uint G1ConcRefinementThreads                  = 4                                         {product} {ergonomic}
   size_t G1HeapRegionSize                         = 2097152                                   {product} {ergonomic}
   size_t InitialHeapSize                          = 199229440                                 {product} {ergonomic}
     bool ManagementServer                         = true                                      {product} {command line}
   size_t MarkStackSize                            = 4194304                                   {product} {ergonomic}
   size_t MarkStackSizeMax                         = 536870912                                 {product} {ergonomic}
   size_t MaxHeapSize                              = 3187671040                                {product} {ergonomic}
   size_t MaxNewSize                               = 1912602624                                {product} {ergonomic}
   size_t MinHeapDeltaBytes                        = 2097152                                   {product} {ergonomic}
   size_t MinHeapSize                              = 8388608                                   {product} {ergonomic}
    uintx NonNMethodCodeHeapSize                   = 4096                                   {pd product} {ergonomic}
    uintx NonProfiledCodeHeapSize                  = 0                                      {pd product} {ergonomic}
     bool ProfileInterpreter                       = false                                  {pd product} {command line}
    uintx ProfiledCodeHeapSize                     = 0                                      {pd product} {ergonomic}
   size_t SoftMaxHeapSize                          = 3187671040                             {manageable} {ergonomic}
     intx TieredStopAtLevel                        = 1                                         {product} {command line}
     bool UseCompressedOops                        = true                           {product lp64_product} {ergonomic}
     bool UseG1GC                                  = true                                      {product} {ergonomic}
     bool UseLargePagesIndividualAllocation        = false                                  {pd product} {ergonomic}

Logging:
Log output configuration:
 #0: stdout all=warning uptime,level,tags foldmultilines=false
 #1: stderr all=off uptime,level,tags foldmultilines=false

Environment Variables:
PATH=C:\Program Files\Common Files\Oracle\Java\javapath;C:\MinGW\bin;C:\Program Files\Git\cmd;C:\Program Files\MySQL\MySQL Server 8.0\bin;C:\Windows\System32;C:\Windows\System32\Wben;C:\Program Files\Cloudflare\Cloudflare WARP\;D:\Program File\nodejs\;C:\Program Files (x86)\Microsoft SQL Server\170\Tools\Binn\;C:\Program Files\Microsoft SQL Server\170\Tools\Binn\;C:\Program Files\Microsoft SQL Server\Client SDK\ODBC\180\Tools\Binn\;C:\Program Files\Microsoft SQL Server\170\DTS\Binn\;C:\Program Files\MySQL\MySQL Server 8.0\bin;C:\Users\huyle\AppData\Local\Programs\Python\Python313\Scripts\;C:\Users\huyle\AppData\Local\Programs\Python\Python313\;C:\MinGW\bin;C:\Users\huyle\AppData\Local\Programs\Microsoft VS Code\bin;C:\Program Files\JetBrains\IntelliJ IDEA 2025.2\bin;C:\Users\huyle\AppData\Roaming\npm
USERNAME=huyle
OS=Windows_NT
PROCESSOR_IDENTIFIER=Intel64 Family 6 Model 142 Stepping 9, GenuineIntel
TMP=C:\Users\huyle\AppData\Local\Temp
TEMP=C:\Users\huyle\AppData\Local\Temp




Periodic native trim disabled

---------------  S Y S T E M  ---------------

OS:
 Windows 11 , 64 bit Build 26100 (10.0.26100.7920)
OS uptime: 7 days 2:55 hours
Hyper-V role detected

CPU: total 4 (initial active 4) (2 cores per cpu, 2 threads per core) family 6 model 142 stepping 9 microcode 0xde, cx8, cmov, fxsr, ht, mmx, 3dnowpref, sse, sse2, sse3, ssse3, sse4.1, sse4.2, popcnt, lzcnt, tsc, tscinvbit, avx, avx2, aes, erms, clmul, bmi1, bmi2, adx, fma, vzeroupper, clflush, clflushopt, hv, rdtscp, f16c
Processor Information for the first 4 processors :
  Max Mhz: 2701, Current Mhz: 2500, Mhz Limit: 2484

Memory: 4k page, system-wide physical 12153M (522M free)
TotalPageFile size 23285M (AvailPageFile size 42M)
current process WorkingSet (physical memory assigned to process): 319M, peak: 319M
current process commit charge ("private bytes"): 351M, peak: 415M

vm_info: OpenJDK 64-Bit Server VM (24.0.2+12-54) for windows-amd64 JRE (24.0.2+12-54), built on 2025-07-08T12:10:27Z with MS VC++ 17.6 (VS2022)

END.
